2026-10-03 20:31:14 開始 shop_hide1_s1 nohash=True nsim=0.7 vt=0.3842 greedy=False extgreedy=False lowmem=True extend=none charge1=d32 ρ=0.5 argmax=True commons=True shadow=False fix2=False fix2_full=True fix_order=False fix_order2=True proj_first=True fill_unseen=False fill_norestate=True no_charge2=True own_evidence=True v39=True/inf/two/0.5/global death_terms=False checks=False rename_check=False fast=True nohist=True 走行 1 並列 1 比べる=False
2026-10-04 01:02:39 f0.5000_th2.1000_vt0.3842_first_order seed001 秒=16283.43 最大メモリMB=4.3 定義末=20 一致=None err=None
2026-10-04 01:02:48 ALLDONE shop_hide1_s1
	Command being timed: "nice -n 10 /home/tatsu/.local/share/uv/python/cpython-3.12.13-linux-x86_64-gnu/bin/python3.12 tools/v3_run.py config/sweep_shop_hide1_s1_2026-10-01.json /home/tatsu/sme_audit/check4_sme --nohash --vt 0.3842 --extend-rule none --charge1 d32 --fast --no-public-history --dump-slot-history --fix2-full --fix-order2 --proj-first --fill-norestate --no-charge2 --own-evidence --v39 --v39-budget inf --v39-decay actr --v310-be --hist-role --score-role --u-struct --relearn-init --tie-struct --amb-local --nsim 0.7 --ident-rho 0.5 --ident-argmax --ident-commons --cells f0.5000_th2.1000_first_order --dump-answers --dump-routing --answer-gap --strict-pc --e-price 0.01873710622997919 --v39-price 0.01873710622997919 --shop-world 2 --workers 1 --seeds 1 --trial-count 1740 --no-compare --horizon 1740 --score-arg-order --sme2017 --shop-scatter"
	User time (seconds): 16279.10
	System time (seconds): 10.75
	Percent of CPU this job got: 99%
	Elapsed (wall clock) time (h:mm:ss or m:ss): 4:31:34
	Average shared text size (kbytes): 0
	Average unshared data size (kbytes): 0
	Average stack size (kbytes): 0
	Average total size (kbytes): 0
	Maximum resident set size (kbytes): 4286704
	Average resident set size (kbytes): 0
	Major (requiring I/O) page faults: 3
	Minor (reclaiming a frame) page faults: 3307882
	Voluntary context switches: 1823
	Involuntary context switches: 64135
	Swaps: 0
	File system inputs: 24392
	File system outputs: 1035232
	Socket messages sent: 0
	Socket messages received: 0
	Signals delivered: 0
	Page size (bytes): 4096
	Exit status: 0
== check4 終わり 01:02:48
