	Command being timed: "python3.12 tools/v3_run.py /home/tatsu/cloud/wave1/configs35/4cea/w1_seed012_config.json /mnt/d/sfn_runs/cloud/wave2_11_w1_s12_cdaf/output --nohash --vt 0.3842 --extend-rule none --charge1 d32 --fast --no-public-history --dump-slot-history --fix2-full --fix-order2 --proj-first --fill-norestate --no-charge2 --own-evidence --v39 --v39-budget inf --v39-decay actr --v310-be --hist-role --score-role --u-struct --relearn-init --tie-struct --amb-local --nsim 0.7 --ident-rho 0.5 --ident-argmax --ident-commons --cells f0.5000_th2.1000_first_order --dump-answers --dump-routing --answer-gap --strict-pc --e-price 0.01873710622997919 --v39-price 0.00035129738499384776 --shop-world 1 --workers 1 --seeds 12 --trial-count 1740 --no-compare --horizon 1740 --score-arg-order --sme2017 --shop-scatter --sme-call-seed --sme-tie-uniform --sme-intern-cache --sme-evict-trial-cache --sme-evict-tombstone --score-logp --match-cstar --match-cstar-e --match-eps 0 --h-dirichlet 1 --birth-score seq --logp-eps 0.01 --attn-sme global --attn-position k2 --attn-eta 0.1 --attn-allin --stage2 off --stage2-loss top1 --stage2-init virtual --stage2-scope all --stage2-reuse off --stage2-birth-hu off --stage2-speed off --stage2-cache-prune off --use-forget 0.15 --use-forget-q"
	User time (seconds): 2830.31
	System time (seconds): 5.40
	Percent of CPU this job got: 99%
	Elapsed (wall clock) time (h:mm:ss or m:ss): 47:35.98
	Average shared text size (kbytes): 0
	Average unshared data size (kbytes): 0
	Average stack size (kbytes): 0
	Average total size (kbytes): 0
	Maximum resident set size (kbytes): 1106440
	Average resident set size (kbytes): 0
	Major (requiring I/O) page faults: 0
	Minor (reclaiming a frame) page faults: 288367
	Voluntary context switches: 33508
	Involuntary context switches: 5967
	Swaps: 0
	File system inputs: 0
	File system outputs: 0
	Socket messages sent: 0
	Socket messages received: 0
	Signals delivered: 0
	Page size (bytes): 4096
	Exit status: 0
