	Command being timed: "/mnt/coll_gate_20261009_2/env/bin/python /mnt/results-coll-gate/control/集団化_クラウドの包み_2026-10-09/observe.py /mnt/coll_gate_20261009_2/run-same-host/evidence/off2_candidate200/runtime.json"
	User time (seconds): 337.45
	System time (seconds): 2.00
	Percent of CPU this job got: 100%
	Elapsed (wall clock) time (h:mm:ss or m:ss): 5:39.35
	Average shared text size (kbytes): 0
	Average unshared data size (kbytes): 0
	Average stack size (kbytes): 0
	Average total size (kbytes): 0
	Maximum resident set size (kbytes): 156512
	Average resident set size (kbytes): 0
	Major (requiring I/O) page faults: 0
	Minor (reclaiming a frame) page faults: 928024
	Voluntary context switches: 2789
	Involuntary context switches: 1610
	Swaps: 0
	File system inputs: 0
	File system outputs: 347584
	Socket messages sent: 0
	Socket messages received: 0
	Signals delivered: 0
	Page size (bytes): 4096
	Exit status: 0
