台帳 160 本を読みます（6 並列）

  100/160
  160/160

====================================================================================================
★ 主結果1  通過率 P(E3 | 段階2到達)
   事前登録：主は (パターン b, 推定量 C)。9 通りを併記する
====================================================================================================

--- 報告地平 300 試行（U-016 ★ 主）--- 推定量 C は地平で読む
パターン      推定量              通過率        分子        分母      うちE2      打ち切り      到達せず
b         C             0.9215      7947      8624         0       921      1550 ★主
a1        C             0.9213      8084      8775         0       972      1348
a2        C             0.9088      8865      9755         0       910       430

--- 報告地平 100 試行（U-016 副）--- 推定量 C は地平で読む
パターン      推定量              通過率        分子        分母      うちE2      打ち切り      到達せず
b         C             0.9119      8414      9227         0       318      1550 ★主
a1        C             0.9102      8562      9407         0       340      1348
a2        C             0.8965      9292     10365         0       300       430

--- 走行末で読む（推定量 A・B。★ 事象時刻を返さないので地平で読めない）---
パターン      推定量              通過率        分子        分母      うちE2      到達せず
b         A             0.9263      8842      9545         0      1550
b         B             1.0000      9545      9545         0      1550
a1        A             0.9256      9022      9747         0      1348
a1        B             1.0000      9747      9747         0      1348
a2        A             0.9112      9718     10665         0       430
a2        B             1.0000     10665     10665         0       430

★ モチーフ層別（D21(a)）  主 (b, C)
モチーフ             通過率          分子          分母        打ち切り
M1            0.7734         751         971          67
M2            0.9799        2247        2293         361
M3            0.9910        3077        3105         358
M4            0.8302        1872        2255         135

====================================================================================================
面の集約（f × θ′）
====================================================================================================

### ★ 構造的に薄い def の率（使用加重）   射程 = all
            θ′ →       0.0410      0.1432      0.2637      0.3842
  f=0.0000         0.0705      0.0601      0.1570      0.0943   (n=40)

### ★ 神話率 M-002（段階2 × E3・使用加重）   射程 = all
            θ′ →       0.0410      0.1432      0.2637      0.3842
  f=0.0000         0.1747      0.2869      0.2533      0.3089   (n=40)

### 主観水位 的中/(的中+失敗)   射程 = all
            θ′ →       0.0410      0.1432      0.2637      0.3842
  f=0.0000         0.8000      0.8034      0.7984      0.8348   (n=40)

### 保留率   射程 = all
            θ′ →       0.0410      0.1432      0.2637      0.3842
  f=0.0000         0.8488      0.8293      0.7933      0.8114   (n=40)

### def の本数   射程 = all
            θ′ →       0.0410      0.1432      0.2637      0.3842
  f=0.0000        67.3750     67.0750     71.7500     71.1750   (n=40)

### 採択回数   射程 = all
            θ′ →       0.0410      0.1432      0.2637      0.3842
  f=0.0000      1248.7750   1236.8250   1347.0250   1240.0750   (n=40)

### ① の件数   射程 = all
            θ′ →       0.0410      0.1432      0.2637      0.3842
  f=0.0000         0.0000      0.0000      0.0000      0.0000   (n=40)

### ② の件数   射程 = all
            θ′ →       0.0410      0.1432      0.2637      0.3842
  f=0.0000       334.0000    278.7000    241.7000    192.5750   (n=40)

### 例外費用の総和   射程 = all
            θ′ →       0.0410      0.1432      0.2637      0.3842
  f=0.0000      3210.0670   2689.1772   2311.3380   1830.8120   (n=40)

### ★ 的中率（def から予測）   射程 = all
            θ′ →       0.0410      0.1432      0.2637      0.3842
  f=0.0000         0.8000      0.8034      0.7984      0.8348   (n=40)

### ★ 的中率（枚から予測していたら）   射程 = all
            θ′ →       0.0410      0.1432      0.2637      0.3842
  f=0.0000         0.3375      0.3074      0.3680      0.3188   (n=40)

### ★ 枚なら当たった率（水位の材料）   射程 = all
            θ′ →       0.0410      0.1432      0.2637      0.3842
  f=0.0000         0.1166      0.0930      0.1019      0.0889   (n=40)

### 予測を出した割合   射程 = all
            θ′ →       0.0410      0.1432      0.2637      0.3842
  f=0.0000         0.1512      0.1707      0.2067      0.1886   (n=40)

====================================================================================================
★ OA（過剰適用率）  対応づけ三通り
====================================================================================================

  supply  その def を作った場面の最頻モチーフを担当とする
  applied その def が使われた場面の最頻モチーフを担当とする
  gstar   ★ 対応づけない。適用場面の G* に生存構成素の述語が ★ 一本でも欠けていた 割合
          （「一本も無い」だと適用の条件から常に 0 になるため。2026-08-29 に締め直した）
  ★ 主は gstar（2026-08-30 宣言）。supply は副。applied は 1 −（最頻モチーフ占有率）に
    等しく取りうる最小値なので、過剰適用の証拠には使わない

  OA_supply    def 平均 0.4473 ／ ★ 採択加重 0.1797 ／ n=8944
  OA_applied   def 平均 0.2730 ／ ★ 採択加重 0.1504 ／ n=8944
  OA_gstar     def 平均 0.7487 ／ ★ 採択加重 0.5669 ／ n=8944
  OA_gstar_frac def 平均 0.2659 ／ ★ 採択加重 0.1668 ／ n=8944

  神話 / 真 の別（★ 主 (b, C) で段階2 到達した def のみ）
               OA_supply  OA_applied    OA_gstar         n
  薄い              0.5210      0.4403      0.9247        92
  厚い              0.4559      0.2745      0.7457      9453

★ τ_settle（D20(c)。固定窓は置かない）
   中央 12 ／ 四分位 4–46 ／ 最小 1 ／ 最大 4000 ／ n=11095

★ 読み方
  段階2 のパターン
    b   R と同定された場面（M-067）の枚        ← ★ 主
    a1  m1 の base に選ばれた枚                   base_written_at（委任D で追加）
    a2  R の構成素の出所になった枚               引数 ID の逆引き
  E3 の推定量
    C   吸収化。★ τ_settle 分の無変化が最初に成立した時刻を返す  ← ★ 主
    A   走行末で τ_settle 以上 静かか（真偽のみ。事象時刻を返さない）
    B   末尾 τ_settle 試行の無変化割合（0.5 で切って件数化）
  分母  D20(a)：段階2 到達。E2 は分母に入る。到達せず・打ち切りは外して別報告

出力  analysis_p_g1/per_run.jsonl（走行 160 行）／ analysis_p_g1/per_def.jsonl（def 11095 行）
