受け付けた：PID 75749、担当 Codex3 集団化 comm_m0.1_r3、見込み 4.0 GB（表の合計 12.0 / 24 GB）。スワップは直近 10 分で増えていない（348.2 MB → 今 348.2 MB）
{"name": "comm_m0.1_r3 実行の終了コード", "passed": true, "exitcode": 0}
{"name": "comm_m0.1_r3 完走", "passed": true, "trials": 1740, "errors": []}
{"name": "comm_m0.1_r3 受信の採点・名札費用", "passed": true}
{"name": "comm_m0.1_r3 辞書外カウンタと毎試行の停止検査", "passed": true, "counts": [0, 0, 0, 0, 0, 0, 0, 0], "checks": [3480, 3480, 3480, 3480, 3480, 3480, 3480, 3480]}
{"name": "comm_m0.1_r3 個体数", "passed": true}
{"name": "comm_m0.1_r3 fの毎試行値", "passed": true, "checked_rows": 13920}
{"name": "comm_m0.1_r3 世界課題の分母", "passed": true, "correct": 9661, "wrong": 45, "silence": 4214, "total": 13920}
{"name": "comm_m0.1_r3 答えの出どころの台帳照合", "passed": true, "answer_rows": 9706, "wrong_sources": {"H": 45}}
{"name": "comm_m0.1_r3 送信配送受信・同試行・自己配送なし", "passed": true, "sent": 1953, "recv": 1953}
{"name": "comm_m0.1_r3 黙りから送らない・答えは増やさない", "passed": true, "bundles": 9706}
{"name": "comm_m0.1_r3 束の参照本数", "passed": true}
{"name": "comm_m0.1_r3 mの二項範囲", "passed": true, "cross": 186, "total": 1953, "ratio": 0.09523809523809523, "expected": 0.1, "central_999_range": [153, 240]}
{"name": "comm_m0.1_r3 問い・対の再集計", "passed": true, "split": {"within": {"双方正解": 2670, "同じ誤答": 33, "双方棄権": 819, "その他": 558}, "cross": {"双方正解": 3567, "同じ誤答": 36, "双方棄権": 1096, "その他": 741}}}
{"name": "comm_m0.1_r3 報告の初期採点のsource", "passed": true, "births": 580}
{"name": "comm_m0.1_r3 未記載は反証・取消にしない", "passed": true}
{"name": "comm_m0.1_r3 世界の学習のsource", "passed": true, "counts": {"initial_unscored": 8, "scored": 13912}, "errors": []}
{"name": "comm_m0.1_r3 報告の採点欄とsource", "passed": true, "counts": {"scored": 1953}, "errors": []}
{"name": "comm_m0.1_r3 開示の抽選の並び", "passed": true, "agents": 8, "trials_per_agent": 1740}
消した：PID 75749
