Thu Oct  8 13:56:20 JST 2026
== wsl rc=0
User time (seconds): 7004.39
System time (seconds): 3.75
Elapsed (wall clock) time (h:mm:ss or m:ss): 1:56:53
Maximum resident set size (kbytes): 268360
== d rc=0
User time (seconds): 7167.64
System time (seconds): 4.45
Elapsed (wall clock) time (h:mm:ss or m:ss): 1:59:40
Maximum resident set size (kbytes): 269644
ファイルの一覧が同じ True []
同じ attention/f0.5000_th2.1000_vt0.3842_first_order/seed041.jsonl.gz （圧縮のままも同じ）
同じ attention/f0.5000_th2.1000_vt0.3842_first_order/seed041.jsonl.gz.summary.json 
同じ evictions/f0.5000_th2.1000_vt0.3842_first_order/seed041.keys.jsonl.gz （圧縮のままも同じ）
同じ evictions/f0.5000_th2.1000_vt0.3842_first_order/seed041.keys.jsonl.gz.summary.json 
付帯 flag.json 違う欄 []
付帯 ledgers/cells/f0.5000_th2.1000_vt0.3842_first_order/seed041.done 違う欄 ['elapsed_sec', 'finished_at']
同じ ledgers/cells/f0.5000_th2.1000_vt0.3842_first_order/seed041.jsonl.gz （圧縮のままも同じ）
付帯 manifest.jsonl 違う欄 ['elapsed_sec', 'finished_at', 'stage2']
同じ researcher/f0.5000_th2.1000_vt0.3842_first_order/seed041.calibration.jsonl.gz （圧縮のままも同じ）
同じ side/f0.5000_th2.1000_vt0.3842_first_order/seed041.answers.csv 
同じ side/f0.5000_th2.1000_vt0.3842_first_order/seed041.jsonl 
同じ side/f0.5000_th2.1000_vt0.3842_first_order/seed041.routing.jsonl 
同じ side/f0.5000_th2.1000_vt0.3842_first_order/seed041.shop.jsonl 
同じ side/f0.5000_th2.1000_vt0.3842_first_order/seed041.sme.jsonl.gz （圧縮のままも同じ）
同じ side/f0.5000_th2.1000_vt0.3842_first_order/seed041.sme.states.jsonl.gz （圧縮のままも同じ）
★違う stage2/f0.5000_th2.1000_vt0.3842_first_order/seed041.jsonl.gz 
★違う stage2/f0.5000_th2.1000_vt0.3842_first_order/seed041.jsonl.gz.initial.jsonl.gz 
★違う stage2/f0.5000_th2.1000_vt0.3842_first_order/seed041.jsonl.gz.rematch.jsonl.gz 
★違う stage2/f0.5000_th2.1000_vt0.3842_first_order/seed041.jsonl.gz.rematch.summary.json 
★違う stage2/f0.5000_th2.1000_vt0.3842_first_order/seed041.jsonl.gz.summary.json 
結果： 違う ['stage2/f0.5000_th2.1000_vt0.3842_first_order/seed041.jsonl.gz', 'stage2/f0.5000_th2.1000_vt0.3842_first_order/seed041.jsonl.gz.initial.jsonl.gz', 'stage2/f0.5000_th2.1000_vt0.3842_first_order/seed041.jsonl.gz.rematch.jsonl.gz', 'stage2/f0.5000_th2.1000_vt0.3842_first_order/seed041.jsonl.gz.rematch.summary.json', 'stage2/f0.5000_th2.1000_vt0.3842_first_order/seed041.jsonl.gz.summary.json']

[exited with code 0]
