	Command being timed: "/mnt/coll_gate_20261009_2/env/bin/python -m pytest -q -p no:cacheprovider tests/test_v311c_allin.py tools/v311c_checks/test_sme_port.py tools/test_cstar_runtime.py tools/test_cstar_fixed.py tests/test_attnstage2_questions.py tests/test_attnstage2_runtime.py tests/test_attncstar.py tests/test_attnstage2_birth.py tests/test_attnstage2_birth_hu.py tests/test_attnstage2_initial.py tests/test_attnallin.py /mnt/results-coll-gate/control/集団化_クラウドの包み_2026-10-09/test_stops.py --basetemp /mnt/coll_gate_20261009_2/run-same-host/component-evidence/pytest-temp"
	User time (seconds): 1.45
	System time (seconds): 0.07
	Percent of CPU this job got: 97%
	Elapsed (wall clock) time (h:mm:ss or m:ss): 0:01.56
	Average shared text size (kbytes): 0
	Average unshared data size (kbytes): 0
	Average stack size (kbytes): 0
	Average total size (kbytes): 0
	Maximum resident set size (kbytes): 44708
	Average resident set size (kbytes): 0
	Major (requiring I/O) page faults: 0
	Minor (reclaiming a frame) page faults: 23380
	Voluntary context switches: 23
	Involuntary context switches: 3
	Swaps: 0
	File system inputs: 304
	File system outputs: 40
	Socket messages sent: 0
	Socket messages received: 0
	Signals delivered: 0
	Page size (bytes): 4096
	Exit status: 0
