2026-10-09 22:17:54 開始 verb_hide1_s1 nohash=True nsim=0.7 vt=0.3842 greedy=False extgreedy=False lowmem=True extend=none charge1=d32 ρ=0.5 argmax=True commons=True shadow=False fix2=False fix2_full=True fix_order=False fix_order2=True proj_first=True fill_unseen=False fill_norestate=True no_charge2=True own_evidence=True v39=True/inf/two/0.5/global death_terms=False checks=False rename_check=False fast=True nohist=True 走行 1 並列 1 比べる=False
2026-10-09 22:31:48 f0.5000_th2.1000_vt0.3842_first_order seed001 秒=833.89 最大メモリMB=391.2 定義末=14 一致=None err=None
2026-10-09 22:31:49 ALLDONE verb_hide1_s1
      834.97 real      2323.40 user         6.04 sys
           391249920  maximum resident set size
                   0  average shared memory size
                   0  average unshared data size
                   0  average unshared stack size
              844539  page reclaims
                 425  page faults
                   0  swaps
                   0  block input operations
                   0  block output operations
                   0  messages sent
                   0  messages received
                   0  signals received
                 536  voluntary context switches
              750521  involuntary context switches
           794253177  instructions retired
           263682202  cycles elapsed
            18448936  peak memory footprint
