	Command being timed: "env -u LC_ALL -u LANG -u LC_CTYPE PYTHONHASHSEED=0 SME_EXACT_SOURCE=/home/tatsu/sfn/audit/_read/cstar_fast /home/tatsu/.local/bin/python3.12 /home/tatsu/cstar_gate/helpers/observe_cpu_01.py /home/tatsu/cstar_gate/run/encode_C/native_command.json"
	User time (seconds): 8772.71
	System time (seconds): 30.92
	Percent of CPU this job got: 99%
	Elapsed (wall clock) time (h:mm:ss or m:ss): 2:26:44
	Average shared text size (kbytes): 0
	Average unshared data size (kbytes): 0
	Average stack size (kbytes): 0
	Average total size (kbytes): 0
	Maximum resident set size (kbytes): 11064832
	Average resident set size (kbytes): 0
	Major (requiring I/O) page faults: 0
	Minor (reclaiming a frame) page faults: 18561708
	Voluntary context switches: 40
	Involuntary context switches: 32657
	Swaps: 0
	File system inputs: 0
	File system outputs: 2481608
	Socket messages sent: 0
	Socket messages received: 0
	Signals delivered: 0
	Page size (bytes): 4096
	Exit status: 0
