ok uniform test_01_same_answer_zero_difference_and_unknown_not_updated
ok uniform test_02_scores_answers_made_before_disclosure
ok uniform test_03_birth_init_no_double_count_and_separate
ok uniform test_04_negative_difference_released_with_infinite_budget
ok uniform test_05_u_abstain_makes_HU_nonnegative
ok uniform test_06_two_truths_same_arguments_not_exclusive
ok uniform test_07_release_matches_cost_difference_and_remaining_information
ok uniform test_07b_empty_table_H
ok uniform test_08_erased_name_unreadable
ok uniform test_09_relearn_new_observations_only_charged_now
ok uniform test_10_zero_F_with_H_survives_all_U_retires
ok uniform test_11_ties_independent_rng_and_stop_when_fit
ok uniform test_12_finite_and_unfit_raised
ok uniform test_13_gate_two_conditions_and_zero_name_condition
ok uniform test_16_local_scoring_touches_only_used_definition
ok uniform test_17_price_converts_below_lambda_until_none
ok actr test_01_same_answer_zero_difference_and_unknown_not_updated
ok actr test_02_scores_answers_made_before_disclosure
ok actr test_03_birth_init_no_double_count_and_separate
ok actr test_04_negative_difference_released_with_infinite_budget
ok actr test_05_u_abstain_makes_HU_nonnegative
ok actr test_06_two_truths_same_arguments_not_exclusive
ok actr test_07_release_matches_cost_difference_and_remaining_information
ok actr test_07b_empty_table_H
ok actr test_08_erased_name_unreadable
ok actr test_09_relearn_new_observations_only_charged_now
ok actr test_10_zero_F_with_H_survives_all_U_retires
ok actr test_11_ties_independent_rng_and_stop_when_fit
ok actr test_12_finite_and_unfit_raised
ok actr test_13_gate_two_conditions_and_zero_name_condition
ok actr test_16_local_scoring_touches_only_used_definition
ok actr test_17_price_converts_below_lambda_until_none
