拒む：
  - スワップの記録が直近 10 分ぶん無い（記録 1 点。sampler を始めたばかりなら 10 分待つ）
拒む：
  - スワップの記録が直近 10 分ぶん無い（記録 2 点。sampler を始めたばかりなら 10 分待つ）
拒む：
  - スワップの記録が直近 10 分ぶん無い（記録 3 点。sampler を始めたばかりなら 10 分待つ）
拒む：
  - スワップの記録が直近 10 分ぶん無い（記録 4 点。sampler を始めたばかりなら 10 分待つ）
  - 表に無い重い Python がある：PID 20363（2912 MB、python3 /home/ubuntu/cloud/norm_hash.py /home/ubuntu/cloud_runs/calib_fast/w1_se）
拒む：
  - スワップの記録が直近 10 分ぶん無い（記録 5 点。sampler を始めたばかりなら 10 分待つ）
  - 表に無い重い Python がある：PID 20363（8250 MB、python3 /home/ubuntu/cloud/norm_hash.py /home/ubuntu/cloud_runs/calib_fast/w1_se）
拒む：
  - スワップの記録が直近 10 分ぶん無い（記録 6 点。sampler を始めたばかりなら 10 分待つ）
  - 表に無い重い Python がある：PID 20363（9311 MB、python3 /home/ubuntu/cloud/norm_hash.py /home/ubuntu/cloud_runs/calib_fast/w1_se）
拒む：
  - スワップの記録が直近 10 分ぶん無い（記録 7 点。sampler を始めたばかりなら 10 分待つ）
  - 表に無い重い Python がある：PID 20363（10388 MB、python3 /home/ubuntu/cloud/norm_hash.py /home/ubuntu/cloud_runs/calib_fast/w1_se）
拒む：
  - スワップの記録が直近 10 分ぶん無い（記録 8 点。sampler を始めたばかりなら 10 分待つ）
  - 表に無い重い Python がある：PID 20363（3853 MB、python3 /home/ubuntu/cloud/norm_hash.py /home/ubuntu/cloud_runs/calib_fast/w1_se）
受け付けた：PID 20167、担当 動詞・指示9・on100_without_probe、見込み 2.0 GB（表の合計 2.0 / 57 GB）。スワップは直近 10 分で増えていない（0.0 MB → 今 0.0 MB）
消した：PID 20167
