拒む：
  - メモリの予算を超える（表の合計 23.6 GB ＋ 新しい処理 1.0 GB ＞ 24 GB）
拒む：
  - メモリの予算を超える（表の合計 23.6 GB ＋ 新しい処理 1.0 GB ＞ 24 GB）
拒む：
  - メモリの予算を超える（表の合計 23.6 GB ＋ 新しい処理 1.0 GB ＞ 24 GB）
拒む：
  - メモリの予算を超える（表の合計 23.6 GB ＋ 新しい処理 1.0 GB ＞ 24 GB）
拒む：
  - メモリの予算を超える（表の合計 23.6 GB ＋ 新しい処理 1.0 GB ＞ 24 GB）
拒む：
  - メモリの予算を超える（表の合計 23.6 GB ＋ 新しい処理 1.0 GB ＞ 24 GB）
拒む：
  - メモリの予算を超える（表の合計 23.6 GB ＋ 新しい処理 1.0 GB ＞ 24 GB）
拒む：
  - メモリの予算を超える（表の合計 23.6 GB ＋ 新しい処理 1.0 GB ＞ 24 GB）
拒む：
  - メモリの予算を超える（表の合計 23.6 GB ＋ 新しい処理 1.0 GB ＞ 24 GB）
拒む：
  - メモリの予算を超える（表の合計 23.6 GB ＋ 新しい処理 1.0 GB ＞ 24 GB）
受け付けた：PID 42394、担当 Codex3 指示3 二体OFF保存記録の再判定、見込み 1.0 GB（表の合計 24.0 / 24 GB）。スワップは直近 10 分で増えていない（180.0 MB → 今 180.0 MB）
{"name": "off_recv2_200", "passed": true, "checks": 38, "failed": []}
{"mandatory_checks_passed": true, "original_judgement_preserved": "d426b21c738d13ccff3ae248ea8a2a6a22d9fa0fd03a10659ab4b9dde57d77cb", "passed": true}
消した：PID 42394
