test_five_toy_values (test_cstar_fixed.FixedGates.test_five_toy_values) ... ok
test_independent_branch_survives (test_cstar_fixed.FixedGates.test_independent_branch_survives) ... ok
test_invalid_order_and_double_mapping_are_rejected (test_cstar_fixed.FixedGates.test_invalid_order_and_double_mapping_are_rejected) ... ok
test_random_fixed_mappings_240 (test_cstar_fixed.FixedGates.test_random_fixed_mappings_240) ... ok
test_self_tags_and_unknown_invariance (test_cstar_fixed.FixedGates.test_self_tags_and_unknown_invariance) ... ok
test_shared_child_and_independent_children (test_cstar_fixed.FixedGates.test_shared_child_and_independent_children) ... ok
test_positive_probability_is_not_thresholded (test_cstar_matcher.MatcherGates.test_positive_probability_is_not_thresholded) ... ok
test_probability_key_changes_with_history_or_background (test_cstar_matcher.MatcherGates.test_probability_key_changes_with_history_or_background) ... ok
test_random_candidates_are_consistent_and_exhaustive_scores_match (test_cstar_matcher.MatcherGates.test_random_candidates_are_consistent_and_exhaustive_scores_match) ... ok
test_toy_candidates_and_points (test_cstar_matcher.MatcherGates.test_toy_candidates_and_points) ... ok
test_unknown_name_marginalized_and_no_hidden_arguments (test_cstar_matcher.MatcherGates.test_unknown_name_marginalized_and_no_hidden_arguments) ... ok
test_dirichlet_empty_and_limit (test_cstar_probability.ProbabilityGates.test_dirichlet_empty_and_limit) ... ok
test_fit_and_seq_hand_values_four_epsilons (test_cstar_probability.ProbabilityGates.test_fit_and_seq_hand_values_four_epsilons) ... ok
test_fit_nonunique_does_not_choose_name (test_cstar_probability.ProbabilityGates.test_fit_nonunique_does_not_choose_name) ... ok
test_no_names_and_argmax_tie (test_cstar_probability.ProbabilityGates.test_no_names_and_argmax_tie) ... ok
test_same_distribution_same_cost (test_cstar_probability.ProbabilityGates.test_same_distribution_same_cost) ... ok
test_seq_does_not_read_second_name (test_cstar_probability.ProbabilityGates.test_seq_does_not_read_second_name) ... ok
test_dirichlet_same_source_for_answer_value_match (test_cstar_runtime.RuntimeGates.test_dirichlet_same_source_for_answer_value_match) ... ok
test_expected_distribution_does_not_change_memory_or_rng (test_cstar_runtime.RuntimeGates.test_expected_distribution_does_not_change_memory_or_rng) ... ok
test_positive_probability_does_not_pass_name_gate (test_cstar_runtime.RuntimeGates.test_positive_probability_does_not_pass_name_gate) ... ok
test_seq_actual_F_name_mismatch_stops (test_cstar_runtime.RuntimeGates.test_seq_actual_F_name_mismatch_stops) ... ok
test_seq_freezes_b_and_first_material_name (test_cstar_runtime.RuntimeGates.test_seq_freezes_b_and_first_material_name) ... ok
test_zero_probability_keeps_escape_cost (test_cstar_runtime.RuntimeGates.test_zero_probability_keeps_escape_cost) ... ok

----------------------------------------------------------------------
Ran 23 tests in 0.046s

OK
