受け付けた：PID 9647、担当 Codex3 集団化 comm_m0_r1、見込み 4.0 GB（表の合計 21.6 / 24 GB）。スワップは直近 10 分で増えていない（348.2 MB → 今 348.2 MB）
{"name": "comm_m0_r1 実行の終了コード", "passed": true, "exitcode": 0}
{"name": "comm_m0_r1 完走", "passed": true, "trials": 1740, "errors": []}
{"name": "comm_m0_r1 受信の採点・名札費用", "passed": true}
{"name": "comm_m0_r1 辞書外カウンタと毎試行の停止検査", "passed": true, "counts": [0, 0, 0, 0, 0, 0, 0, 0], "checks": [3480, 3480, 3480, 3480, 3480, 3480, 3480, 3480]}
{"name": "comm_m0_r1 個体数", "passed": true}
{"name": "comm_m0_r1 fの毎試行値", "passed": true, "checked_rows": 13920}
{"name": "comm_m0_r1 世界課題の分母", "passed": true, "correct": 9663, "wrong": 65, "silence": 4192, "total": 13920}
{"name": "comm_m0_r1 答えの出どころの台帳照合", "passed": true, "answer_rows": 9728, "wrong_sources": {"H": 65}}
{"name": "comm_m0_r1 送信配送受信・同試行・自己配送なし", "passed": true, "sent": 1929, "recv": 1929}
{"name": "comm_m0_r1 黙りから送らない・答えは増やさない", "passed": true, "bundles": 9728}
{"name": "comm_m0_r1 束の参照本数", "passed": true}
{"name": "comm_m0_r1 m=0の組間配送", "passed": true, "cross": 0, "total": 1929}
{"name": "comm_m0_r1 問い・対の再集計", "passed": true, "split": {"within": {"双方正解": 2847, "同じ誤答": 66, "双方棄権": 420, "その他": 747}, "cross": {"双方正解": 3793, "同じ誤答": 78, "双方棄権": 569, "その他": 1000}}}
{"name": "comm_m0_r1 報告の初期採点のsource", "passed": true, "births": 536}
{"name": "comm_m0_r1 未記載は反証・取消にしない", "passed": true}
{"name": "comm_m0_r1 世界の学習のsource", "passed": true, "counts": {"initial_unscored": 8, "scored": 13912}, "errors": []}
{"name": "comm_m0_r1 報告の採点欄とsource", "passed": true, "counts": {"scored": 1929}, "errors": []}
{"name": "comm_m0_r1 開示の抽選の並び", "passed": true, "agents": 8, "trials_per_agent": 1740}
消した：PID 9647
