== cw2_A_lam0187 08:24:17
cw2_A_lam0187 {"trials": 34800, "answered": 24193, "C_end_mismatch": 0, "rt_checked": 24193, "rt_mismatch": 0, "args_unrestored": 0}
== cw2_A_lam0990 08:26:53
cw2_A_lam0990 {"trials": 34800, "answered": 19321, "C_end_mismatch": 0, "rt_checked": 19321, "rt_mismatch": 0, "args_unrestored": 0}
== cw2_A_lam020 08:28:12
cw2_A_lam020 {"trials": 34800, "answered": 13242, "C_end_mismatch": 0, "rt_checked": 13242, "rt_mismatch": 0, "args_unrestored": 0}
== cw2_C_lam0187 08:29:01
cw2_C_lam0187 {"trials": 34800, "answered": 24241, "C_end_mismatch": 0, "rt_checked": 24241, "rt_mismatch": 0, "args_unrestored": 0}
== cw2_C_lam0990 08:31:42
cw2_C_lam0990 {"trials": 34800, "answered": 19328, "C_end_mismatch": 0, "rt_checked": 19328, "rt_mismatch": 0, "args_unrestored": 0}
== cw2_C_lam020 08:33:07
cw2_C_lam020 {"trials": 34800, "answered": 13232, "C_end_mismatch": 0, "rt_checked": 13232, "rt_mismatch": 0, "args_unrestored": 0}
== cw2_F_lam0187 08:33:57
cw2_F_lam0187 {"trials": 34800, "answered": 23496, "C_end_mismatch": 0, "rt_checked": 23496, "rt_mismatch": 0, "args_unrestored": 0}
== cw1_A_lam0187 08:35:46
cw1_A_lam0187 {"trials": 34800, "answered": 23704, "C_end_mismatch": 0, "rt_checked": 23704, "rt_mismatch": 0, "args_unrestored": 0}
== cw1_A_lam0990 08:37:27
cw1_A_lam0990 {"trials": 34800, "answered": 19646, "C_end_mismatch": 0, "rt_checked": 19646, "rt_mismatch": 0, "args_unrestored": 0}
== cw1_A_lam020 08:38:37
cw1_A_lam020 {"trials": 34800, "answered": 14486, "C_end_mismatch": 0, "rt_checked": 14486, "rt_mismatch": 0, "args_unrestored": 0}
== cw1_C_lam0187 08:39:22
cw1_C_lam0187 {"trials": 34800, "answered": 23804, "C_end_mismatch": 0, "rt_checked": 23804, "rt_mismatch": 0, "args_unrestored": 0}
== cw1_C_lam0990 08:41:00
cw1_C_lam0990 {"trials": 34800, "answered": 19653, "C_end_mismatch": 0, "rt_checked": 19653, "rt_mismatch": 0, "args_unrestored": 0}
== cw1_C_lam020 08:42:12
cw1_C_lam020 {"trials": 34800, "answered": 14396, "C_end_mismatch": 0, "rt_checked": 14396, "rt_mismatch": 0, "args_unrestored": 0}
== cw1_F_lam0187 08:43:02
cw1_F_lam0187 {"trials": 34800, "answered": 23273, "C_end_mismatch": 0, "rt_checked": 23273, "rt_mismatch": 0, "args_unrestored": 0}
== SMDONE 08:44:44
