段階例外04_w2 学習 0 黙り 14.483
段階例外04_w2 学習 1 誤答 14.5064
段階例外04_w2 学習 2 誤答 14.5446
段階例外04_w2 学習 3 正解 14.5775
段階例外04_w2 学習 4 正解 14.6125
段階例外04_w2 学習 5 誤答 14.6471
段階例外04_w2 学習 6 正解 14.6813
段階例外04_w2 学習 7 誤答 14.7154
段階例外04_w2 学習 8 正解 14.7481
段階例外04_w2 学習 9 誤答 14.785
段階例外04_w2 学習 10 正解 14.8357
段階例外04_w2 学習 11 正解 14.8519
段階例外04_w2 学習 12 正解 14.888
段階例外04_w2 学習 13 正解 14.928
段階例外04_w2 学習 14 正解 14.9668
段階例外04_w2 学習 15 正解 15.0107
段階例外04_w2 学習 16 正解 15.1045
段階例外04_w2 学習 17 正解 15.1509
段階例外04_w2 学習 18 正解 15.1978
段階例外04_w2 学習 19 誤答 15.2445
段階例外04_w2 学習 20 誤答 15.2861
段階例外04_w2 学習 21 誤答 15.3269
段階例外04_w2 学習 22 正解 15.3819
段階例外04_w2 学習 23 正解 15.4031
段階例外04_w2 学習 24 正解 15.4925
段階例外04_w2 学習 25 正解 15.5498
段階例外04_w2 学習 26 誤答 15.5698
段階例外04_w2 学習 27 正解 15.6412
段階例外04_w2 学習 28 正解 15.6897
段階例外04_w2 学習 29 誤答 15.7586
段階例外04_w2 学習 30 正解 15.8551
段階例外04_w2 学習 31 正解 15.8751
段階例外04_w2 学習 32 正解 15.9632
段階例外04_w2 学習 33 正解 16.0238
段階例外04_w2 学習 34 正解 16.0881
段階例外04_w2 学習 35 正解 16.1662
段階例外04_w2 学習 36 正解 16.2395
段階例外04_w2 学習 37 誤答 16.3066
段階例外04_w2 学習 38 正解 16.3585
段階例外04_w2 学習 39 正解 16.4131
段階例外04_w2 学習 40 正解 16.4885
段階例外04_w2 学習 41 正解 16.5457
段階例外04_w2 学習 42 正解 16.6434
段階例外04_w2 学習 43 正解 16.7053
段階例外04_w2 学習 44 正解 16.7301
段階例外04_w2 学習 45 正解 16.7919
段階例外04_w2 学習 46 正解 16.8586
段階例外04_w2 学習 47 正解 16.9183
段階例外04_w2 学習 48 誤答 16.9488
段階例外04_w2 学習 49 正解 17.0136
段階例外04_w2 学習 50 正解 17.0756
段階例外04_w2 学習 51 正解 17.1716
段階例外04_w2 学習 52 正解 17.2465
段階例外04_w2 学習 53 誤答 17.2683
段階例外04_w2 学習 54 誤答 17.3339
段階例外04_w2 学習 55 上限で切れた 17.4531
段階例外04_w2 学習 56 正解 17.5269
段階例外04_w2 学習 57 正解 17.5889
段階例外04_w2 学習 58 誤答 18.0648
段階例外04_w2 学習 59 誤答 18.3216
段階例外04_w2 学習 60 正解 18.4074
段階例外04_w2 学習 61 正解 18.4848
段階例外04_w2 学習 62 誤答 18.5675
段階例外04_w2 学習 63 誤答 18.5915
段階例外04_w2 学習 64 正解 18.7051
段階例外04_w2 学習 65 正解 18.7702
段階例外04_w2 学習 66 誤答 18.8079
段階例外04_w2 学習 67 正解 18.8872
段階例外04_w2 学習 68 正解 18.9572
段階例外04_w2 学習 69 誤答 19.0451
段階例外04_w2 学習 70 正解 19.1543
段階例外04_w2 学習 71 誤答 19.2406
段階例外04_w2 学習 72 正解 19.3067
段階例外04_w2 学習 73 誤答 19.4297
段階例外04_w2 学習 74 正解 19.5252
段階例外04_w2 学習 75 正解 19.6038
段階例外04_w2 学習 76 正解 19.6768
段階例外04_w2 学習 77 誤答 19.7499
段階例外04_w2 学習 78 正解 19.8136
段階例外04_w2 学習 79 正解 19.8477
段階例外04_w2 試験 0 甲・n 正解 puga 19.9781
段階例外04_w2 試験 1 甲・n 正解 puga 20.0444
段階例外04_w2 試験 2 甲・n 誤答 repi 20.1096
段階例外04_w2 試験 3 甲・n 正解 puga 20.183
段階例外04_w2 試験 4 甲・e 正解 repi 20.3031
段階例外04_w2 試験 5 甲・e 正解 repi 20.3776
段階例外04_w2 試験 6 甲・e 正解 repi 20.4535
段階例外04_w2 試験 7 甲・e 正解 repi 20.4855
段階例外04_w2 試験 8 乙・n 正解 repi 20.5576
段階例外04_w2 試験 9 乙・n 誤答 puga 20.6415
段階例外04_w2 試験 10 乙・n 正解 repi 20.7187
段階例外04_w2 試験 11 乙・n 正解 repi 20.7978
段階例外04_w2 試験 12 乙・e 誤答 repi 20.8696
段階例外04_w2 試験 13 乙・e 誤答 repi 20.9455
段階例外04_w2 試験 14 乙・e 誤答 repi 20.9799
段階例外04_w2 試験 15 乙・e 誤答 repi 21.0266
FAIL
{"段階": "例外04", "世界": 2, "組": 1, "mult": 2, "door_all": true, "think": 8000, "observed": true, "exc": 0.4, "学習の場面の数": 80, "最もありそうな答えが正しい（16 問）": 10, "場合ごと": {"甲・n": 3, "甲・e": 4, "乙・n": 3, "乙・e": 0}, "通過": false, "判定": {"正解": 10, "誤答": 6, "黙り": 0, "形の崩れ": 0, "上限で切れた": 0}}
