段階例外05_w2 学習 0 黙り 14.4695
段階例外05_w2 学習 1 誤答 14.4923
段階例外05_w2 学習 2 正解 14.5274
段階例外05_w2 学習 3 誤答 14.5592
段階例外05_w2 学習 4 誤答 14.5933
段階例外05_w2 学習 5 正解 14.6304
段階例外05_w2 学習 6 誤答 14.6648
段階例外05_w2 学習 7 正解 14.702
段階例外05_w2 学習 8 誤答 14.7293
段階例外05_w2 学習 9 正解 14.7655
段階例外05_w2 学習 10 正解 14.8004
段階例外05_w2 学習 11 正解 14.8148
段階例外05_w2 学習 12 正解 14.8732
段階例外05_w2 学習 13 正解 14.9102
段階例外05_w2 学習 14 誤答 14.9477
段階例外05_w2 学習 15 正解 14.9864
段階例外05_w2 学習 16 正解 15.03
段階例外05_w2 学習 17 正解 15.0527
段階例外05_w2 学習 18 正解 15.0707
段階例外05_w2 学習 19 正解 15.1285
段階例外05_w2 学習 20 誤答 15.1747
段階例外05_w2 学習 21 誤答 15.2165
段階例外05_w2 学習 22 正解 15.2684
段階例外05_w2 学習 23 誤答 15.305
段階例外05_w2 学習 24 誤答 15.3577
段階例外05_w2 学習 25 正解 15.4383
段階例外05_w2 学習 26 誤答 15.4585
段階例外05_w2 学習 27 正解 15.5243
段階例外05_w2 学習 28 正解 15.6107
段階例外05_w2 学習 29 正解 15.6621
段階例外05_w2 学習 30 正解 15.7219
段階例外05_w2 学習 31 正解 15.7964
段階例外05_w2 学習 32 正解 15.8254
段階例外05_w2 学習 33 正解 15.9012
段階例外05_w2 学習 34 正解 15.928
段階例外05_w2 学習 35 正解 15.9923
段階例外05_w2 学習 36 正解 16.0539
段階例外05_w2 学習 37 誤答 16.1336
段階例外05_w2 学習 38 正解 16.1998
段階例外05_w2 学習 39 正解 16.2748
段階例外05_w2 学習 40 正解 16.3302
段階例外05_w2 学習 41 正解 16.385
段階例外05_w2 学習 42 正解 16.4529
段階例外05_w2 学習 43 誤答 16.5162
段階例外05_w2 学習 44 正解 16.5729
段階例外05_w2 学習 45 正解 16.6434
段階例外05_w2 学習 46 誤答 16.6698
段階例外05_w2 学習 47 誤答 16.7648
段階例外05_w2 学習 48 正解 16.8303
段階例外05_w2 学習 49 正解 16.8889
段階例外05_w2 学習 50 誤答 16.9858
段階例外05_w2 学習 51 正解 17.0431
段階例外05_w2 学習 52 正解 17.1096
段階例外05_w2 学習 53 誤答 17.1336
段階例外05_w2 学習 54 正解 17.2075
段階例外05_w2 学習 55 誤答 17.3038
段階例外05_w2 学習 56 正解 17.3636
段階例外05_w2 学習 57 正解 17.3981
段階例外05_w2 学習 58 誤答 17.4883
段階例外05_w2 学習 59 正解 17.8026
段階例外05_w2 学習 60 正解 18.2488
段階例外05_w2 学習 61 正解 18.3676
段階例外05_w2 学習 62 誤答 18.4475
段階例外05_w2 学習 63 正解 18.5261
段階例外05_w2 学習 64 正解 18.627
段階例外05_w2 学習 65 誤答 18.6627
段階例外05_w2 学習 66 正解 18.7403
段階例外05_w2 学習 67 正解 18.8451
段階例外05_w2 学習 68 誤答 18.9282
段階例外05_w2 学習 69 誤答 18.9946
段階例外05_w2 学習 70 正解 19.0903
段階例外05_w2 学習 71 正解 19.1174
段階例外05_w2 学習 72 誤答 19.1957
段階例外05_w2 学習 73 正解 19.2741
段階例外05_w2 学習 74 誤答 19.3429
段階例外05_w2 学習 75 誤答 19.3816
段階例外05_w2 学習 76 正解 19.4699
段階例外05_w2 学習 77 正解 19.5639
段階例外05_w2 学習 78 誤答 19.6439
段階例外05_w2 学習 79 誤答 19.7499
段階例外05_w2 試験 0 甲・n 正解 puga 19.7821
段階例外05_w2 試験 1 甲・n 正解 puga 19.886
段階例外05_w2 試験 2 甲・n 誤答 repi 19.9234
段階例外05_w2 試験 3 甲・n 正解 puga 20.013
段階例外05_w2 試験 4 甲・e 正解 repi 20.077
段階例外05_w2 試験 5 甲・e 正解 repi 20.1454
段階例外05_w2 試験 6 甲・e 誤答 puga 20.2171
段階例外05_w2 試験 7 甲・e 誤答 puga 20.2549
段階例外05_w2 試験 8 乙・n 正解 repi 20.3387
段階例外05_w2 試験 9 乙・n 誤答 puga 20.4189
段階例外05_w2 試験 10 乙・n 正解 repi 20.5242
段階例外05_w2 試験 11 乙・n 誤答 puga 20.5961
段階例外05_w2 試験 12 乙・e 正解 puga 20.683
段階例外05_w2 試験 13 乙・e 誤答 repi 20.7554
段階例外05_w2 試験 14 乙・e 誤答 repi 20.8289
段階例外05_w2 試験 15 乙・e 誤答 repi 20.9055
FAIL
{"段階": "例外05", "世界": 2, "組": 1, "mult": 2, "door_all": true, "think": 8000, "observed": true, "exc": 0.5, "学習の場面の数": 80, "最もありそうな答えが正しい（16 問）": 8, "場合ごと": {"甲・n": 3, "甲・e": 2, "乙・n": 2, "乙・e": 1}, "通過": false, "判定": {"正解": 8, "誤答": 8, "黙り": 0, "形の崩れ": 0, "上限で切れた": 0}}
