	Command being timed: "env -u LC_ALL -u LANG -u LC_CTYPE PYTHONHASHSEED=0 SME_EXACT_SOURCE=/home/tatsu/sfn/audit/_read/cstar_orig /home/tatsu/.local/bin/python3.12 /home/tatsu/cstar_gate/helpers/observe_cpu_01.py /home/tatsu/cstar_gate/run/original_C/native_command.json"
	User time (seconds): 9331.27
	System time (seconds): 38.75
	Percent of CPU this job got: 99%
	Elapsed (wall clock) time (h:mm:ss or m:ss): 2:36:10
	Average shared text size (kbytes): 0
	Average unshared data size (kbytes): 0
	Average stack size (kbytes): 0
	Average total size (kbytes): 0
	Maximum resident set size (kbytes): 11069168
	Average resident set size (kbytes): 0
	Major (requiring I/O) page faults: 1
	Minor (reclaiming a frame) page faults: 22554290
	Voluntary context switches: 55
	Involuntary context switches: 28730
	Swaps: 0
	File system inputs: 896
	File system outputs: 2484816
	Socket messages sent: 0
	Socket messages received: 0
	Signals delivered: 0
	Page size (bytes): 4096
	Exit status: 0
