受け付けた：PID 43801、担当 Codex3 集団化 控えを捨てる最終報告（未保存欄を明示）、見込み 1.0 GB（表の合計 13.0 / 24 GB）。スワップは直近 10 分で増えていない（188.0 MB → 今 188.0 MB）
{"gates": [["q0", 123], ["solo", 8], ["receive", 30]], "published_files": 306}
        0.27 real         0.16 user         0.07 sys
            23035904  maximum resident set size
                   0  average shared memory size
                   0  average unshared data size
                   0  average unshared stack size
                2243  page reclaims
                  80  page faults
                   0  swaps
                   0  block input operations
                   0  block output operations
                   0  messages sent
                   0  messages received
                   0  signals received
                 416  voluntary context switches
                 509  involuntary context switches
          2484111549  instructions retired
           616334542  cycles elapsed
            13959672  peak memory footprint
消した：PID 43801
