受付へ提出 gate1_baseline_200 予約 1.0GB
完走 gate1_baseline_200 秒 292.95 RSS 0.566GB
受付へ提出 gate1_off_200 予約 0.7GB
完走 gate1_off_200 秒 301.77 RSS 0.583GB
{"gate": "off", "status": "passed", "checks": [["集団化OFFとSME(a)個体版", true]]}
受付へ提出 gate2_solo_a0_200 予約 1.5GB
受付へ提出 gate2_solo_a1_200 予約 1.5GB
完走 gate2_solo_a1_200 秒 261.8 RSS 0.509GB
受付へ提出 gate2_solo_a2_200 予約 1.5GB
完走 gate2_solo_a0_200 秒 307.59 RSS 0.618GB
受付へ提出 gate2_solo_a3_200 予約 1.5GB
完走 gate2_solo_a2_200 秒 304.55 RSS 0.595GB
受付へ提出 gate2_solo_a4_200 予約 1.5GB
完走 gate2_solo_a3_200 秒 292.67 RSS 0.54GB
受付へ提出 gate2_solo_a5_200 予約 1.5GB
完走 gate2_solo_a4_200 秒 370.3 RSS 0.448GB
受付へ提出 gate2_solo_a6_200 予約 1.5GB
完走 gate2_solo_a5_200 秒 399.78 RSS 0.469GB
受付へ提出 gate2_solo_a7_200 予約 1.5GB
完走 gate2_solo_a6_200 秒 326.83 RSS 0.433GB
完走 gate2_solo_a7_200 秒 385.5 RSS 0.483GB
受付へ提出 gate2_q0_200 予約 5.6GB
完走 gate2_q0_200 秒 4128.87 RSS 4.699GB
{"gate": "q0", "status": "passed", "checks": [["通信なし8体と単独：個体0", true], ["通信なし8体と単独：個体1", true], ["通信なし8体と単独：個体2", true], ["通信なし8体と単独：個体3", true], ["通信なし8体と単独：個体4", true], ["通信なし8体と単独：個体5", true], ["通信なし8体と単独：個体6", true], ["通信なし8体と単独：個体7", true]]}
最初の二つの関門が合格。ここで停止。本番と後続関門は始めない。
