受け付けた：PID 54244、担当 Codex3 集団化 comm_m0.3_r1、見込み 4.0 GB（表の合計 21.6 / 24 GB）。スワップは直近 10 分で増えていない（348.2 MB → 今 348.2 MB）
{"name": "comm_m0.3_r1 実行の終了コード", "passed": true, "exitcode": 0}
{"name": "comm_m0.3_r1 完走", "passed": true, "trials": 1740, "errors": []}
{"name": "comm_m0.3_r1 受信の採点・名札費用", "passed": true}
{"name": "comm_m0.3_r1 辞書外カウンタと毎試行の停止検査", "passed": true, "counts": [0, 0, 0, 0, 0, 0, 0, 0], "checks": [3480, 3480, 3480, 3480, 3480, 3480, 3480, 3480]}
{"name": "comm_m0.3_r1 個体数", "passed": true}
{"name": "comm_m0.3_r1 fの毎試行値", "passed": true, "checked_rows": 13920}
{"name": "comm_m0.3_r1 世界課題の分母", "passed": true, "correct": 9719, "wrong": 69, "silence": 4132, "total": 13920}
{"name": "comm_m0.3_r1 答えの出どころの台帳照合", "passed": true, "answer_rows": 9788, "wrong_sources": {"H": 68, "F": 1}}
{"name": "comm_m0.3_r1 送信配送受信・同試行・自己配送なし", "passed": true, "sent": 1939, "recv": 1939}
{"name": "comm_m0.3_r1 黙りから送らない・答えは増やさない", "passed": true, "bundles": 9788}
{"name": "comm_m0.3_r1 束の参照本数", "passed": true}
{"name": "comm_m0.3_r1 mの二項範囲", "passed": true, "cross": 557, "total": 1939, "ratio": 0.28726147498710675, "expected": 0.3, "central_999_range": [516, 649]}
{"name": "comm_m0.3_r1 問い・対の再集計", "passed": true, "split": {"within": {"双方正解": 2805, "同じ誤答": 66, "双方棄権": 423, "その他": 786}, "cross": {"双方正解": 3716, "同じ誤答": 72, "双方棄権": 567, "その他": 1085}}}
{"name": "comm_m0.3_r1 報告の初期採点のsource", "passed": true, "births": 529}
{"name": "comm_m0.3_r1 未記載は反証・取消にしない", "passed": true}
{"name": "comm_m0.3_r1 世界の学習のsource", "passed": true, "counts": {"initial_unscored": 8, "scored": 13912}, "errors": []}
{"name": "comm_m0.3_r1 報告の採点欄とsource", "passed": true, "counts": {"scored": 1939}, "errors": []}
{"name": "comm_m0.3_r1 開示の抽選の並び", "passed": true, "agents": 8, "trials_per_agent": 1740}
消した：PID 54244
