baseline_a0/ledgers/cells/f0.5000_th2.1000_vt0.3842_first_order/seed001.jsonl.gz 100 None
baseline_a1/ledgers/cells/f0.5000_th2.1000_vt0.3842_first_order/seed1001.jsonl.gz 100 None
baseline_a2/ledgers/cells/f0.5000_th2.1000_vt0.3842_first_order/seed2001.jsonl.gz 100 None
baseline_a3/ledgers/cells/f0.5000_th2.1000_vt0.3842_first_order/seed3001.jsonl.gz 100 None
baseline_a4/ledgers/cells/f0.5000_th2.1000_vt0.3842_first_order/seed4001.jsonl.gz 100 None
baseline_a5/ledgers/cells/f0.5000_th2.1000_vt0.3842_first_order/seed5001.jsonl.gz 100 None
baseline_a6/ledgers/cells/f0.5000_th2.1000_vt0.3842_first_order/seed6001.jsonl.gz 100 None
baseline_a7/ledgers/cells/f0.5000_th2.1000_vt0.3842_first_order/seed7001.jsonl.gz 100 None
default2_baseline/ledgers/cells/f0.5000_th2.1000_vt0.3842_first_order/seed001.jsonl.gz 200 None
default2_baseline/ledgers/cells/f0.5000_th2.1000_vt0.3842_first_order/seed1001.jsonl.gz 200 None
default2_current/ledgers/cells/f0.5000_th2.1000_vt0.3842_first_order/seed001.jsonl.gz 200 None
default2_current/ledgers/cells/f0.5000_th2.1000_vt0.3842_first_order/seed1001.jsonl.gz 200 None
exitfix_default2_baseline/ledgers/cells/f0.5000_th2.1000_vt0.3842_first_order/seed001.jsonl.gz 200 None
exitfix_default2_baseline/ledgers/cells/f0.5000_th2.1000_vt0.3842_first_order/seed1001.jsonl.gz 200 None
exitfix_default2_current/ledgers/cells/f0.5000_th2.1000_vt0.3842_first_order/seed001.jsonl.gz 200 None
exitfix_default2_current/ledgers/cells/f0.5000_th2.1000_vt0.3842_first_order/seed1001.jsonl.gz 200 None
exitfix_record8_plain/ledgers/cells/f0.5000_th2.1000_vt0.3842_first_order/seed001.jsonl.gz 200 None
exitfix_record8_plain/ledgers/cells/f0.5000_th2.1000_vt0.3842_first_order/seed1001.jsonl.gz 200 None
exitfix_record8_plain/ledgers/cells/f0.5000_th2.1000_vt0.3842_first_order/seed2001.jsonl.gz 200 None
exitfix_record8_plain/ledgers/cells/f0.5000_th2.1000_vt0.3842_first_order/seed3001.jsonl.gz 200 None
exitfix_record8_plain/ledgers/cells/f0.5000_th2.1000_vt0.3842_first_order/seed4001.jsonl.gz 200 None
exitfix_record8_plain/ledgers/cells/f0.5000_th2.1000_vt0.3842_first_order/seed5001.jsonl.gz 200 None
exitfix_record8_plain/ledgers/cells/f0.5000_th2.1000_vt0.3842_first_order/seed6001.jsonl.gz 200 None
exitfix_record8_plain/ledgers/cells/f0.5000_th2.1000_vt0.3842_first_order/seed7001.jsonl.gz 200 None
exitfix_serial2_serial/ledgers/cells/f0.5000_th2.1000_vt0.3842_first_order/seed001.jsonl.gz 100 None
exitfix_serial2_serial/ledgers/cells/f0.5000_th2.1000_vt0.3842_first_order/seed1001.jsonl.gz 100 None
exitfix_serial2_simultaneous/ledgers/cells/f0.5000_th2.1000_vt0.3842_first_order/seed001.jsonl.gz 100 None
exitfix_serial2_simultaneous/ledgers/cells/f0.5000_th2.1000_vt0.3842_first_order/seed1001.jsonl.gz 100 None
interrupted-machine-20261003T205240/baseline_a1/ledgers/cells/f0.5000_th2.1000_vt0.3842_first_order/seed1001.jsonl.gz 55 EOFError: Compressed file ended before the end-of-stream marker was reached
interrupted-machine-limit-20261003_202256/solo_r1_a2/ledgers/cells/f0.5000_th2.1000_vt0.3842_first_order/seed2001.jsonl.gz 1569 EOFError: Compressed file ended before the end-of-stream marker was reached
interrupted-machine-limit-20261003_202256/solo_r1_a3/ledgers/cells/f0.5000_th2.1000_vt0.3842_first_order/seed3001.jsonl.gz 1407 EOFError: Compressed file ended before the end-of-stream marker was reached
no_comm_r1/ledgers/cells/f0.5000_th2.1000_vt0.3842_first_order/seed001.jsonl.gz 1740 None
no_comm_r1/ledgers/cells/f0.5000_th2.1000_vt0.3842_first_order/seed1001.jsonl.gz 1740 None
no_comm_r1/ledgers/cells/f0.5000_th2.1000_vt0.3842_first_order/seed2001.jsonl.gz 1740 None
no_comm_r1/ledgers/cells/f0.5000_th2.1000_vt0.3842_first_order/seed3001.jsonl.gz 1740 None
no_comm_r1/ledgers/cells/f0.5000_th2.1000_vt0.3842_first_order/seed4001.jsonl.gz 1740 None
no_comm_r1/ledgers/cells/f0.5000_th2.1000_vt0.3842_first_order/seed5001.jsonl.gz 1740 None
no_comm_r1/ledgers/cells/f0.5000_th2.1000_vt0.3842_first_order/seed6001.jsonl.gz 1740 None
no_comm_r1/ledgers/cells/f0.5000_th2.1000_vt0.3842_first_order/seed7001.jsonl.gz 1740 None
off8/ledgers/cells/f0.5000_th2.1000_vt0.3842_first_order/seed001.jsonl.gz 100 None
off8/ledgers/cells/f0.5000_th2.1000_vt0.3842_first_order/seed1001.jsonl.gz 100 None
off8/ledgers/cells/f0.5000_th2.1000_vt0.3842_first_order/seed2001.jsonl.gz 100 None
off8/ledgers/cells/f0.5000_th2.1000_vt0.3842_first_order/seed3001.jsonl.gz 100 None
off8/ledgers/cells/f0.5000_th2.1000_vt0.3842_first_order/seed4001.jsonl.gz 100 None
off8/ledgers/cells/f0.5000_th2.1000_vt0.3842_first_order/seed5001.jsonl.gz 100 None
off8/ledgers/cells/f0.5000_th2.1000_vt0.3842_first_order/seed6001.jsonl.gz 100 None
off8/ledgers/cells/f0.5000_th2.1000_vt0.3842_first_order/seed7001.jsonl.gz 100 None
record8_logged/ledgers/cells/f0.5000_th2.1000_vt0.3842_first_order/seed001.jsonl.gz 200 None
record8_logged/ledgers/cells/f0.5000_th2.1000_vt0.3842_first_order/seed1001.jsonl.gz 200 None
record8_logged/ledgers/cells/f0.5000_th2.1000_vt0.3842_first_order/seed2001.jsonl.gz 200 None
record8_logged/ledgers/cells/f0.5000_th2.1000_vt0.3842_first_order/seed3001.jsonl.gz 200 None
record8_logged/ledgers/cells/f0.5000_th2.1000_vt0.3842_first_order/seed4001.jsonl.gz 200 None
record8_logged/ledgers/cells/f0.5000_th2.1000_vt0.3842_first_order/seed5001.jsonl.gz 200 None
record8_logged/ledgers/cells/f0.5000_th2.1000_vt0.3842_first_order/seed6001.jsonl.gz 200 None
record8_logged/ledgers/cells/f0.5000_th2.1000_vt0.3842_first_order/seed7001.jsonl.gz 200 None
record8_plain/ledgers/cells/f0.5000_th2.1000_vt0.3842_first_order/seed001.jsonl.gz 200 None
record8_plain/ledgers/cells/f0.5000_th2.1000_vt0.3842_first_order/seed1001.jsonl.gz 199 EOFError: Compressed file ended before the end-of-stream marker was reached
record8_plain/ledgers/cells/f0.5000_th2.1000_vt0.3842_first_order/seed2001.jsonl.gz 199 EOFError: Compressed file ended before the end-of-stream marker was reached
record8_plain/ledgers/cells/f0.5000_th2.1000_vt0.3842_first_order/seed3001.jsonl.gz 199 EOFError: Compressed file ended before the end-of-stream marker was reached
record8_plain/ledgers/cells/f0.5000_th2.1000_vt0.3842_first_order/seed4001.jsonl.gz 199 EOFError: Compressed file ended before the end-of-stream marker was reached
record8_plain/ledgers/cells/f0.5000_th2.1000_vt0.3842_first_order/seed5001.jsonl.gz 199 EOFError: Compressed file ended before the end-of-stream marker was reached
record8_plain/ledgers/cells/f0.5000_th2.1000_vt0.3842_first_order/seed6001.jsonl.gz 200 None
record8_plain/ledgers/cells/f0.5000_th2.1000_vt0.3842_first_order/seed7001.jsonl.gz 199 EOFError: Compressed file ended before the end-of-stream marker was reached
serial2_serial/ledgers/cells/f0.5000_th2.1000_vt0.3842_first_order/seed001.jsonl.gz 100 None
serial2_serial/ledgers/cells/f0.5000_th2.1000_vt0.3842_first_order/seed1001.jsonl.gz 100 None
serial2_simultaneous/ledgers/cells/f0.5000_th2.1000_vt0.3842_first_order/seed001.jsonl.gz 100 None
serial2_simultaneous/ledgers/cells/f0.5000_th2.1000_vt0.3842_first_order/seed1001.jsonl.gz 100 None
solo_r1_a0/ledgers/cells/f0.5000_th2.1000_vt0.3842_first_order/seed001.jsonl.gz 1740 None
solo_r1_a1/ledgers/cells/f0.5000_th2.1000_vt0.3842_first_order/seed1001.jsonl.gz 1740 None
solo_r1_a2/ledgers/cells/f0.5000_th2.1000_vt0.3842_first_order/seed2001.jsonl.gz 1740 None
solo_r1_a3/ledgers/cells/f0.5000_th2.1000_vt0.3842_first_order/seed3001.jsonl.gz 1740 None
solo_r1_a4/ledgers/cells/f0.5000_th2.1000_vt0.3842_first_order/seed4001.jsonl.gz 1740 None
solo_r1_a5/ledgers/cells/f0.5000_th2.1000_vt0.3842_first_order/seed5001.jsonl.gz 1740 None
solo_r1_a6/ledgers/cells/f0.5000_th2.1000_vt0.3842_first_order/seed6001.jsonl.gz 1740 None
solo_r1_a7/ledgers/cells/f0.5000_th2.1000_vt0.3842_first_order/seed7001.jsonl.gz 1740 None
保存台帳の状態 39665 旧監査ハッシュ 19487
