{"name": "模型のコードは承認前から不変", "passed": true}
{"name": "serial2_simultaneous 完走", "passed": true, "trials": 100, "errors": []}
{"name": "serial2_simultaneous 受信の採点・名札費用", "passed": true}
{"name": "serial2_serial 完走", "passed": true, "trials": 100, "errors": []}
{"name": "serial2_serial 受信の採点・名札費用", "passed": true}
{"name": "直列と同時（2体） 台帳本体", "passed": true, "left": {"seed001.jsonl.gz": {"sha256": "539752ee429f495b7fe9a81a89fa76903a9ec18c71c227d23e8f269dffefb209", "rows": 100}, "seed1001.jsonl.gz": {"sha256": "527e9e3fd7360279c33f094f2510299ab04c0c15861dda1bcc49c05d180536be", "rows": 100}}, "right": {"seed001.jsonl.gz": {"sha256": "539752ee429f495b7fe9a81a89fa76903a9ec18c71c227d23e8f269dffefb209", "rows": 100}, "seed1001.jsonl.gz": {"sha256": "527e9e3fd7360279c33f094f2510299ab04c0c15861dda1bcc49c05d180536be", "rows": 100}}}
{"name": "直列と同時（2体） 通信事象", "passed": true, "left": {"sha256": "8d6771990832b53aba2be2d97a647d3b08eb4577256af1e665d8ee58be257b5f", "rows": 157}, "right": {"sha256": "8d6771990832b53aba2be2d97a647d3b08eb4577256af1e665d8ee58be257b5f", "rows": 157}}
{"name": "serial2_simultaneous 個体数", "passed": true}
{"name": "serial2_simultaneous fの毎試行値", "passed": true, "checked_rows": 200}
{"name": "serial2_simultaneous 世界課題の分母", "passed": true, "correct": 124, "wrong": 1, "silence": 75, "total": 200}
{"name": "serial2_simultaneous 答えの出どころの台帳照合", "passed": true, "answer_rows": 125, "wrong_sources": {"H": 1}}
{"name": "serial2_simultaneous 送信配送受信・同試行・自己配送なし", "passed": true, "sent": 30, "recv": 30}
{"name": "serial2_simultaneous 黙りから送らない・答えは増やさない", "passed": true, "bundles": 125}
{"name": "serial2_simultaneous 束の参照本数", "passed": true}
{"name": "serial2_simultaneous 問い・対の再集計", "passed": true, "split": {"within": {"双方正解": 0, "同じ誤答": 0, "双方棄権": 0, "その他": 0}, "cross": {"双方正解": 10, "同じ誤答": 3, "双方棄権": 2, "その他": 5}}}
{"name": "serial2_simultaneous 報告の初期採点のsource", "passed": true, "births": 12}
{"name": "serial2_simultaneous 未記載は反証・取消にしない", "passed": true}
{"name": "serial2_simultaneous 世界の学習のsource", "passed": true, "counts": {"initial_unscored": 2, "scored": 198}, "errors": []}
{"name": "serial2_simultaneous 報告の採点欄とsource", "passed": true, "counts": {"scored": 30}, "errors": []}
{"name": "serial2_serial 個体数", "passed": true}
{"name": "serial2_serial fの毎試行値", "passed": true, "checked_rows": 200}
{"name": "serial2_serial 世界課題の分母", "passed": true, "correct": 124, "wrong": 1, "silence": 75, "total": 200}
{"name": "serial2_serial 答えの出どころの台帳照合", "passed": true, "answer_rows": 125, "wrong_sources": {"H": 1}}
{"name": "serial2_serial 送信配送受信・同試行・自己配送なし", "passed": true, "sent": 30, "recv": 30}
{"name": "serial2_serial 黙りから送らない・答えは増やさない", "passed": true, "bundles": 125}
{"name": "serial2_serial 束の参照本数", "passed": true}
{"name": "serial2_serial 問い・対の再集計", "passed": true, "split": {"within": {"双方正解": 0, "同じ誤答": 0, "双方棄権": 0, "その他": 0}, "cross": {"双方正解": 10, "同じ誤答": 3, "双方棄権": 2, "その他": 5}}}
{"name": "serial2_serial 報告の初期採点のsource", "passed": true, "births": 12}
{"name": "serial2_serial 未記載は反証・取消にしない", "passed": true}
{"name": "serial2_serial 世界の学習のsource", "passed": true, "counts": {"initial_unscored": 2, "scored": 198}, "errors": []}
{"name": "serial2_serial 報告の採点欄とsource", "passed": true, "counts": {"scored": 30}, "errors": []}
{"name": "no_comm_r1 完走", "passed": true, "trials": 1740, "errors": []}
{"name": "no_comm_r1 受信の採点・名札費用", "passed": true}
{"name": "no_comm_r1 個体数", "passed": true}
{"name": "no_comm_r1 fの毎試行値", "passed": true, "checked_rows": 13920}
{"name": "no_comm_r1 世界課題の分母", "passed": true, "correct": 9629, "wrong": 63, "silence": 4228, "total": 13920}
{"name": "no_comm_r1 答えの出どころの台帳照合", "passed": true, "answer_rows": 9692, "wrong_sources": {"H": 63}}
{"name": "no_comm_r1 送信配送受信・同試行・自己配送なし", "passed": true, "sent": 0, "recv": 0}
{"name": "no_comm_r1 黙りから送らない・答えは増やさない", "passed": true, "bundles": 9692}
{"name": "no_comm_r1 束の参照本数", "passed": true}
{"name": "no_comm_r1 m=0の組間配送", "passed": true, "cross": 0, "total": 0}
{"name": "no_comm_r1 問い・対の再集計", "passed": true, "split": {"within": {"双方正解": 2876, "同じ誤答": 78, "双方棄権": 428, "その他": 698}, "cross": {"双方正解": 3795, "同じ誤答": 63, "双方棄権": 574, "その他": 1008}}}
{"name": "no_comm_r1 報告の初期採点のsource", "passed": true, "births": 0}
{"name": "no_comm_r1 未記載は反証・取消にしない", "passed": true}
{"name": "no_comm_r1 世界の学習のsource", "passed": true, "counts": {"initial_unscored": 8, "scored": 13912}, "errors": []}
{"name": "no_comm_r1 報告の採点欄とsource", "passed": true, "counts": {}, "errors": []}
{"name": "以前の合格記録を全て再検査", "passed": true, "previous_unique_checks": 19, "missing": []}
