受付へ提出 no_comm_r2
受付へ提出 no_comm_r3
受付へ提出 solo_r1_a2
検査合格 solo_r1_a2
受付へ提出 solo_r1_a3
検査合格 solo_r1_a3
受付へ提出 solo_r1_a4
検査合格 solo_r1_a4
受付へ提出 solo_r1_a5
検査合格 solo_r1_a5
受付へ提出 solo_r1_a6
検査合格 solo_r1_a6
受付へ提出 solo_r1_a7
検査合格 solo_r1_a7
受付へ提出 comm_m0_r1
検査合格 no_comm_r3
受付へ提出 comm_m0.1_r1
検査合格 no_comm_r2
受付へ提出 comm_m0.3_r1
検査合格 comm_m0_r1
受付へ提出 solo_r2_a0
検査合格 solo_r2_a0
受付へ提出 solo_r2_a1
検査合格 solo_r2_a1
受付へ提出 solo_r2_a2
検査合格 solo_r2_a2
受付へ提出 solo_r2_a3
検査合格 solo_r2_a3
受付へ提出 solo_r2_a4
検査合格 solo_r2_a4
受付へ提出 solo_r2_a5
検査合格 solo_r2_a5
受付へ提出 solo_r2_a6
検査合格 solo_r2_a6
受付へ提出 solo_r2_a7
検査合格 comm_m0.1_r1
受付へ提出 comm_m0_r2
検査合格 solo_r2_a7
受付へ提出 comm_m0.1_r2
検査合格 comm_m0.3_r1
受付へ提出 comm_m0.3_r2
