	Command being timed: "python3.12 tools/v3_run.py /home/ubuntu/wave1/configs35/4cea/w2_seed005_config.json /home/ubuntu/wave1/out55/16/w2_seed005/output --nohash --vt 0.3842 --extend-rule none --charge1 d32 --fast --no-public-history --dump-slot-history --fix2-full --fix-order2 --proj-first --fill-norestate --no-charge2 --own-evidence --v39 --v39-budget inf --v39-decay actr --v310-be --hist-role --score-role --u-struct --relearn-init --tie-struct --amb-local --nsim 0.7 --ident-rho 0.5 --ident-argmax --ident-commons --cells f0.5000_th2.1000_first_order --dump-answers --dump-routing --answer-gap --strict-pc --e-price 0.01873710622997919 --v39-price 0.00035129738499384776 --shop-world 2 --workers 1 --seeds 5 --trial-count 1740 --no-compare --horizon 1740 --score-arg-order --sme2017 --shop-scatter --sme-call-seed --sme-tie-uniform --sme-intern-cache --sme-evict-trial-cache --sme-evict-tombstone --score-logp --match-cstar --match-cstar-e --match-eps 0 --h-dirichlet 1 --birth-score seq --logp-eps 0.01 --attn-sme global --attn-position k2 --attn-eta 0.1 --attn-allin --stage2 on --stage2-loss top1 --stage2-init virtual --stage2-scope all --stage2-reuse off --stage2-birth-hu on --stage2-speed on --stage2-cache-prune on --shop-exc 0.3"
	User time (seconds): 7857.35
	System time (seconds): 5.16
	Percent of CPU this job got: 99%
	Elapsed (wall clock) time (h:mm:ss or m:ss): 2:11:03
	Average shared text size (kbytes): 0
	Average unshared data size (kbytes): 0
	Average stack size (kbytes): 0
	Average total size (kbytes): 0
	Maximum resident set size (kbytes): 2008472
	Average resident set size (kbytes): 0
	Major (requiring I/O) page faults: 5
	Minor (reclaiming a frame) page faults: 821655
	Voluntary context switches: 113
	Involuntary context switches: 19223
	Swaps: 0
	File system inputs: 552
	File system outputs: 1716456
	Socket messages sent: 0
	Socket messages received: 0
	Signals delivered: 0
	Page size (bytes): 4096
	Exit status: 0
