2 c150 学習 0 黙り 上限以内 85 1.5196
2 c150 学習 1 誤答 上限以内 112 1.6311
2 c150 学習 2 誤答 上限以内 111 1.7349
2 c150 学習 3 誤答 上限以内 142 1.8615
2 c150 学習 4 誤答 上限以内 94 2.0105
2 c150 学習 5 誤答 上限以内 102 2.1124
2 c150 学習 6 誤答 上限以内 94 2.222
2 c150 学習 7 黙り 上限以内 130 2.3064
2 c150 学習 8 正解 上限以内 110 2.4018
2 c150 学習 9 誤答 上限以内 118 2.4916
2 c150 試験 10 元 0 正解 2.5335
2 c150 試験 10 元 1 誤答 2.555
2 c150 試験 10 元 2 誤答 2.62
2 c150 試験 10 元 3 正解 2.6775
2 c150 試験 10 元 4 黙り 2.7436
2 c150 試験 10 元 5 誤答 2.7843
2 c150 試験 10 書き戻し 0 正解 2.845
2 c150 試験 10 書き戻し 1 誤答 2.8801
2 c150 試験 10 書き戻し 2 誤答 2.9129
2 c150 試験 10 書き戻し 3 正解 2.9605
2 c150 試験 10 対照 0 正解 3.0109
2 c150 試験 10 対照 1 誤答 3.0596
2 c150 試験 10 対照 2 正解 3.0964
2 c150 試験 10 対照 3 誤答 3.1359
2 c150 学習 10 正解 上限以内 144 3.2191
2 c150 学習 11 誤答 上限以内 143 3.3735
2 c150 学習 12 誤答 上限以内 149 3.4646
2 c150 学習 13 誤答 上限以内 137 3.5745
2 c150 学習 14 誤答 上限以内 143 3.6754
2 c150 学習 15 誤答 上限以内 137 3.7564
2 c150 学習 16 正解 上限以内 146 3.8837
2 c150 学習 17 黙り 上限以内 83 4.0493
2 c150 学習 18 黙り 上限以内 81 4.2087
2 c150 学習 19 誤答 上限以内 120 4.3282
2 c150 試験 20 元 0 正解 4.3591
2 c150 試験 20 元 1 誤答 4.4359
2 c150 試験 20 元 2 黙り 4.5022
2 c150 試験 20 元 3 誤答 4.5921
2 c150 試験 20 元 4 誤答 4.6893
2 c150 試験 20 元 5 黙り 4.7631
2 c150 試験 20 書き戻し 0 正解 4.8565
2 c150 試験 20 書き戻し 1 正解 4.9322
2 c150 試験 20 書き戻し 2 正解 4.9967
2 c150 試験 20 書き戻し 3 誤答 5.0816
2 c150 試験 20 対照 0 誤答 5.1665
2 c150 試験 20 対照 1 誤答 5.2312
2 c150 試験 20 対照 2 正解 5.2998
2 c150 試験 20 対照 3 誤答 5.3417
2 c150 学習 20 誤答 上限以内 113 5.4359
2 c150 学習 21 正解 切った 150 5.5271
2 c150 学習 22 正解 上限以内 141 5.6114
2 c150 学習 23 正解 上限以内 147 5.6732
2 c150 学習 24 黙り 切った 150 5.7546
2 c150 学習 25 黙り 切った 150 5.8181
2 c150 学習 26 誤答 上限以内 125 5.9032
2 c150 学習 27 黙り 上限以内 123 5.948
2 c150 学習 28 黙り 上限以内 86 6.0199
2 c150 学習 29 誤答 上限以内 129 6.0774
2 c150 試験 30 元 0 誤答 6.0894
2 c150 試験 30 元 1 誤答 6.1146
2 c150 試験 30 元 2 誤答 6.1384
2 c150 試験 30 元 3 誤答 6.1562
2 c150 試験 30 元 4 上限で切れた 6.1961
2 c150 試験 30 元 5 誤答 6.228
2 c150 試験 30 書き戻し 0 正解 6.2534
2 c150 試験 30 書き戻し 1 誤答 6.2814
2 c150 試験 30 書き戻し 2 正解 6.3172
2 c150 試験 30 書き戻し 3 正解 6.3311
2 c150 試験 30 対照 0 誤答 6.3595
2 c150 試験 30 対照 1 誤答 6.3864
2 c150 試験 30 対照 2 正解 6.4105
2 c150 試験 30 対照 3 誤答 6.4337
2 c150 学習 30 黙り 上限以内 83 6.4961
2 c150 学習 31 誤答 上限以内 104 6.5328
2 c150 学習 32 黙り 上限以内 137 6.5539
2 c150 学習 33 誤答 上限以内 117 6.6191
2 c150 学習 34 誤答 上限以内 134 6.6536
2 c150 学習 35 正解 上限以内 127 6.6883
2 c150 学習 36 正解 上限以内 127 6.725
2 c150 学習 37 誤答 上限以内 101 6.7836
2 c150 学習 38 誤答 上限以内 104 6.8195
2 c150 学習 39 上限で切れた 上限以内 94 6.8896
2 c150 試験 40 元 0 誤答 6.9104
2 c150 試験 40 元 1 誤答 6.9261
2 c150 試験 40 元 2 誤答 6.945
2 c150 試験 40 元 3 誤答 6.9664
2 c150 試験 40 元 4 黙り 6.9786
2 c150 試験 40 元 5 誤答 6.9974
2 c150 試験 40 書き戻し 0 誤答 7.019
2 c150 試験 40 書き戻し 1 誤答 7.0356
2 c150 試験 40 書き戻し 2 正解 7.0517
2 c150 試験 40 書き戻し 3 誤答 7.0619
2 c150 試験 40 対照 0 誤答 7.068
2 c150 試験 40 対照 1 正解 7.0752
2 c150 試験 40 対照 2 正解 7.0809
2 c150 試験 40 対照 3 誤答 7.0864
