diag A 0 甲・n 正解 1.4164
diag A 1 甲・n 正解 1.4191
diag A 2 甲・n 正解 1.4691
diag A 3 甲・n 正解 1.4719
diag A 4 甲・e 正解 1.5143
diag A 5 甲・e 正解 1.5237
diag A 6 甲・e 正解 1.5635
diag A 7 甲・e 正解 1.5873
diag A 8 乙・n 正解 1.6261
diag A 9 乙・n 正解 1.6346
diag A 10 乙・n 正解 1.6642
diag A 11 乙・n 正解 1.6819
diag A 12 乙・e 正解 1.7248
diag A 13 乙・e 正解 1.7548
diag A 14 乙・e 正解 1.785
diag A 15 乙・e 正解 1.8421
diag B 0 甲・n 正解 1.8659
diag B 1 甲・n 正解 1.911
diag B 2 甲・n 正解 1.9447
diag B 3 甲・n 正解 1.9676
diag B 4 甲・e 正解 1.9983
diag B 5 甲・e 正解 2.0224
diag B 6 甲・e 正解 2.0634
diag B 7 甲・e 正解 2.0935
diag B 8 乙・n 正解 2.1165
diag B 9 乙・n 正解 2.1381
diag B 10 乙・n 正解 2.1608
diag B 11 乙・n 正解 2.2262
diag B 12 乙・e 正解 2.2673
diag B 13 乙・e 正解 2.2837
diag B 14 乙・e 正解 2.3183
diag B 15 乙・e 正解 2.3381
