2 full 学習 0 黙り None None 1.4441
2 full 学習 1 正解 None None 1.5094
2 full 学習 2 正解 None None 1.5293
2 full 学習 3 誤答 None None 1.6079
2 full 学習 4 正解 None None 1.6465
2 full 学習 5 正解 None None 1.7147
2 full 学習 6 誤答 None None 1.75
2 full 学習 7 上限で切れた None None 1.8554
2 full 学習 8 正解 None None 1.92
2 full 学習 9 正解 None None 1.9857
2 full 試験 10 元 0 正解 2.0586
2 full 試験 10 元 1 誤答 2.1015
2 full 試験 10 元 2 正解 2.2059
2 full 試験 10 元 3 誤答 2.2482
2 full 試験 10 元 4 正解 2.3344
2 full 試験 10 元 5 正解 2.3978
2 full 学習 10 正解 None None 2.4712
2 full 学習 11 誤答 None None 2.529
2 full 学習 12 正解 None None 2.5762
2 full 学習 13 正解 None None 2.6424
2 full 学習 14 正解 None None 2.7011
2 full 学習 15 正解 None None 2.7194
2 full 学習 16 正解 None None 2.7674
2 full 学習 17 正解 None None 2.8256
2 full 学習 18 正解 None None 2.8913
2 full 学習 19 正解 None None 2.9397
2 full 試験 20 元 0 正解 3.0109
2 full 試験 20 元 1 誤答 3.054
2 full 試験 20 元 2 誤答 3.1085
2 full 試験 20 元 3 正解 3.1684
2 full 試験 20 元 4 正解 3.2302
2 full 試験 20 元 5 正解 3.2998
2 full 学習 20 正解 None None 3.3614
2 full 学習 21 正解 None None 3.4132
2 full 学習 22 誤答 None None 3.4551
2 full 学習 23 正解 None None 3.5105
2 full 学習 24 誤答 None None 3.548
2 full 学習 25 正解 None None 3.6183
2 full 学習 26 正解 None None 3.6698
2 full 学習 27 正解 None None 3.7261
2 full 学習 28 正解 None None 3.7893
2 full 学習 29 正解 None None 3.8611
2 full 試験 30 元 0 誤答 3.9034
2 full 試験 30 元 1 正解 3.9885
2 full 試験 30 元 2 正解 4.0439
2 full 試験 30 元 3 誤答 4.0977
2 full 試験 30 元 4 正解 4.1998
2 full 試験 30 元 5 正解 4.2403
2 full 学習 30 正解 None None 4.3043
2 full 学習 31 誤答 None None 4.3503
2 full 学習 32 正解 None None 4.4249
2 full 学習 33 正解 None None 4.4823
2 full 学習 34 誤答 None None 4.5683
2 full 学習 35 正解 None None 4.6219
2 full 学習 36 正解 None None 4.6614
2 full 学習 37 正解 None None 4.7259
2 full 学習 38 正解 None None 4.8014
2 full 学習 39 正解 None None 4.8313
2 full 試験 40 元 0 誤答 4.9103
2 full 試験 40 元 1 正解 4.9844
2 full 試験 40 元 2 正解 5.0506
2 full 試験 40 元 3 誤答 5.1246
2 full 試験 40 元 4 正解 5.2
2 full 試験 40 元 5 正解 5.2537
