2 L100 学習 0 黙り 切った 100 1.4909
2 L100 学習 1 黙り 切った 100 1.5873
2 L100 学習 2 正解 切った 100 1.6785
2 L100 学習 3 誤答 切った 100 1.7987
2 L100 学習 4 誤答 切った 100 1.9547
2 L100 学習 5 黙り 切った 100 2.0634
2 L100 学習 6 誤答 切った 100 2.2059
2 L100 学習 7 誤答 切った 100 2.3143
2 L100 学習 8 黙り 切った 100 2.4242
2 L100 学習 9 誤答 切った 100 2.5499
2 L100 試験 10 元 0 誤答 2.6035
2 L100 試験 10 元 1 誤答 2.6589
2 L100 試験 10 元 2 誤答 2.7274
2 L100 試験 10 元 3 黙り 2.8007
2 L100 試験 10 元 4 誤答 2.8749
2 L100 試験 10 元 5 誤答 2.9556
2 L100 試験 10 書き戻し 0 正解 3.0177
2 L100 試験 10 書き戻し 1 誤答 3.0432
2 L100 試験 10 書き戻し 2 誤答 3.0964
2 L100 試験 10 書き戻し 3 正解 3.151
2 L100 試験 10 対照 0 誤答 3.215
2 L100 試験 10 対照 1 正解 3.2668
2 L100 試験 10 対照 2 正解 3.3191
2 L100 試験 10 対照 3 誤答 3.3837
2 L100 学習 10 誤答 切った 100 3.4976
2 L100 学習 11 誤答 上限以内 95 3.6047
2 L100 学習 12 誤答 切った 100 3.7261
2 L100 学習 13 誤答 上限以内 92 3.8665
2 L100 学習 14 誤答 上限以内 94 3.967
2 L100 学習 15 誤答 切った 100 4.0796
2 L100 学習 16 誤答 切った 100 4.2087
2 L100 学習 17 黙り 上限以内 98 4.3368
2 L100 学習 18 誤答 切った 100 4.4664
2 L100 学習 19 誤答 上限以内 99 4.5976
2 L100 試験 20 元 0 黙り 4.6698
2 L100 試験 20 元 1 誤答 4.7331
2 L100 試験 20 元 2 誤答 4.8081
2 L100 試験 20 元 3 黙り 4.8688
2 L100 試験 20 元 4 黙り 4.9448
2 L100 試験 20 元 5 誤答 5.0055
2 L100 試験 20 書き戻し 0 誤答 5.0717
2 L100 試験 20 書き戻し 1 誤答 5.1416
2 L100 試験 20 書き戻し 2 正解 5.2082
2 L100 試験 20 書き戻し 3 誤答 5.288
2 L100 試験 20 対照 0 誤答 5.3229
2 L100 試験 20 対照 1 正解 5.3596
2 L100 試験 20 対照 2 正解 5.4033
2 L100 試験 20 対照 3 誤答 5.4428
2 L100 学習 20 黙り 上限以内 92 5.507
2 L100 学習 21 黙り 上限以内 85 5.5545
2 L100 学習 22 誤答 切った 100 5.6282
2 L100 学習 23 黙り 切った 100 5.6885
2 L100 学習 24 黙り 切った 100 5.7461
2 L100 学習 25 誤答 上限以内 92 5.8096
2 L100 学習 26 誤答 上限以内 96 5.872
2 L100 学習 27 誤答 上限以内 91 5.932
2 L100 学習 28 誤答 上限以内 85 6.0141
2 L100 学習 29 黙り 切った 100 6.0831
2 L100 試験 30 元 0 誤答 6.0965
2 L100 試験 30 元 1 誤答 6.1236
2 L100 試験 30 元 2 誤答 6.1445
2 L100 試験 30 元 3 誤答 6.1639
2 L100 試験 30 元 4 誤答 6.1843
2 L100 試験 30 元 5 誤答 6.2169
2 L100 試験 30 書き戻し 0 正解 6.2461
2 L100 試験 30 書き戻し 1 誤答 6.2625
2 L100 試験 30 書き戻し 2 誤答 6.2874
2 L100 試験 30 書き戻し 3 正解 6.3058
2 L100 試験 30 対照 0 誤答 6.3419
2 L100 試験 30 対照 1 正解 6.3696
2 L100 試験 30 対照 2 正解 6.3937
2 L100 試験 30 対照 3 誤答 6.4185
2 L100 学習 30 誤答 切った 100 6.4746
2 L100 学習 31 誤答 切った 100 6.5008
2 L100 学習 32 正解 上限以内 99 6.5374
2 L100 学習 33 誤答 上限以内 94 6.5712
2 L100 学習 34 誤答 切った 100 6.6045
2 L100 学習 35 正解 切った 100 6.6341
2 L100 学習 36 正解 切った 100 6.663
2 L100 学習 37 誤答 上限以内 91 6.6946
2 L100 学習 38 誤答 上限以内 91 6.7152
2 L100 学習 39 誤答 切った 100 6.7443
2 L100 試験 40 元 0 誤答 6.7571
2 L100 試験 40 元 1 正解 6.7677
2 L100 試験 40 元 2 正解 6.7776
2 L100 試験 40 元 3 誤答 6.7871
2 L100 試験 40 元 4 正解 6.8017
2 L100 試験 40 元 5 正解 6.827
2 L100 試験 40 書き戻し 0 誤答 6.831
2 L100 試験 40 書き戻し 1 正解 6.8345
2 L100 試験 40 書き戻し 2 正解 6.8448
2 L100 試験 40 書き戻し 3 誤答 6.8658
2 L100 試験 40 対照 0 誤答 6.8689
2 L100 試験 40 対照 1 正解 6.8808
2 L100 試験 40 対照 2 正解 6.8842
2 L100 試験 40 対照 3 誤答 6.8985
