2 L400 学習 0 黙り 上限以内 158 1.4807
2 L400 学習 1 誤答 上限以内 364 1.6197
2 L400 学習 2 正解 上限以内 323 1.6878
2 L400 学習 3 誤答 上限以内 349 1.7676
2 L400 学習 4 正解 上限以内 324 1.8341
2 L400 学習 5 誤答 上限以内 338 1.9411
2 L400 学習 6 誤答 切った 400 2.0178
2 L400 学習 7 黙り 上限以内 381 2.1124
2 L400 学習 8 黙り 切った 400 2.2262
2 L400 学習 9 黙り 切った 400 2.3344
2 L400 試験 10 元 0 誤答 2.349
2 L400 試験 10 元 1 正解 2.3849
2 L400 試験 10 元 2 正解 2.4183
2 L400 試験 10 元 3 誤答 2.4333
2 L400 試験 10 元 4 黙り 2.4833
2 L400 試験 10 元 5 正解 2.4862
2 L400 学習 10 誤答 切った 400 2.5842
2 L400 学習 11 黙り 切った 400 2.6851
2 L400 学習 12 黙り 切った 400 2.7589
2 L400 学習 13 正解 切った 400 2.814
2 L400 学習 14 正解 切った 400 2.8801
2 L400 学習 15 黙り 切った 400 2.9926
2 L400 学習 16 正解 切った 400 3.054
2 L400 学習 17 黙り 切った 400 3.1815
2 L400 学習 18 正解 上限以内 394 3.2463
2 L400 学習 19 正解 上限以内 397 3.2867
2 L400 試験 20 元 0 正解 3.3276
2 L400 試験 20 元 1 誤答 3.3438
2 L400 試験 20 元 2 誤答 3.3771
2 L400 試験 20 元 3 正解 3.3916
2 L400 試験 20 元 4 黙り 3.4449
2 L400 試験 20 元 5 正解 3.4831
2 L400 学習 20 正解 切った 399 3.5212
2 L400 学習 21 正解 切った 400 3.6183
2 L400 学習 22 誤答 切った 400 3.7016
2 L400 学習 23 誤答 切った 400 3.7749
2 L400 学習 24 誤答 切った 400 3.8787
2 L400 学習 25 誤答 切った 400 3.9568
2 L400 学習 26 黙り 切った 398 4.064
2 L400 学習 27 正解 切った 400 4.1269
2 L400 学習 28 正解 切った 399 4.2156
2 L400 学習 29 正解 切った 400 4.3085
2 L400 試験 30 元 0 正解 4.3316
2 L400 試験 30 元 1 誤答 4.3544
2 L400 試験 30 元 2 誤答 4.377
2 L400 試験 30 元 3 正解 4.4095
2 L400 試験 30 元 4 黙り 4.4584
2 L400 試験 30 元 5 正解 4.4869
2 L400 学習 30 正解 切った 400 4.5501
2 L400 学習 31 正解 上限以内 395 4.6273
2 L400 学習 32 正解 切った 400 4.7008
2 L400 学習 33 正解 切った 400 4.7728
2 L400 学習 34 誤答 切った 400 4.8612
2 L400 学習 35 誤答 切った 400 4.951
2 L400 学習 36 正解 上限以内 382 5.0194
2 L400 学習 37 誤答 上限以内 382 5.0878
2 L400 学習 38 誤答 上限以内 377 5.1665
2 L400 学習 39 黙り 切った 400 5.2922
2 L400 試験 40 元 0 誤答 5.3124
2 L400 試験 40 元 1 正解 5.3258
2 L400 試験 40 元 2 正解 5.3456
2 L400 試験 40 元 3 誤答 5.3631
2 L400 試験 40 元 4 誤答 5.4284
2 L400 試験 40 元 5 正解 5.4549
