2 L1000 学習 0 黙り 上限以内 229 1.4909
2 L1000 学習 1 黙り 上限以内 356 1.5838
2 L1000 学習 2 正解 上限以内 404 1.7065
2 L1000 学習 3 誤答 上限以内 383 1.7987
2 L1000 学習 4 正解 上限以内 426 1.8728
2 L1000 学習 5 誤答 上限以内 286 1.9637
2 L1000 学習 6 誤答 上限以内 326 2.0292
2 L1000 学習 7 黙り 上限以内 347 2.1576
2 L1000 学習 8 黙り 上限以内 312 2.2391
2 L1000 学習 9 黙り 上限以内 338 2.3453
2 L1000 試験 10 元 0 誤答 2.3889
2 L1000 試験 10 元 1 正解 2.41
2 L1000 試験 10 元 2 正解 2.4289
2 L1000 試験 10 元 3 誤答 2.4767
2 L1000 試験 10 元 4 黙り 2.5414
2 L1000 試験 10 元 5 正解 2.5499
2 L1000 学習 10 誤答 上限以内 448 2.6116
2 L1000 学習 11 黙り 上限以内 449 2.7061
2 L1000 学習 12 黙り 上限以内 472 2.814
2 L1000 学習 13 誤答 上限以内 474 2.8984
2 L1000 学習 14 正解 上限以内 480 2.9661
2 L1000 学習 15 正解 上限以内 346 3.0258
2 L1000 学習 16 誤答 上限以内 384 3.1194
2 L1000 学習 17 黙り 上限以内 394 3.2362
2 L1000 学習 18 正解 上限以内 420 3.2816
2 L1000 学習 19 正解 上限以内 426 3.3614
2 L1000 試験 20 元 0 正解 3.3878
2 L1000 試験 20 元 1 誤答 3.4167
2 L1000 試験 20 元 2 誤答 3.4295
2 L1000 試験 20 元 3 正解 3.4788
2 L1000 試験 20 元 4 上限で切れた 3.5701
2 L1000 試験 20 元 5 正解 3.5984
2 L1000 学習 20 正解 上限以内 469 3.6501
2 L1000 学習 21 正解 上限以内 446 3.7073
2 L1000 学習 22 誤答 上限以内 432 3.7699
2 L1000 学習 23 正解 上限以内 454 3.8318
2 L1000 学習 24 正解 上限以内 404 3.8888
2 L1000 学習 25 正解 上限以内 428 3.9568
2 L1000 学習 26 黙り 上限以内 459 4.064
2 L1000 学習 27 正解 上限以内 484 4.1027
2 L1000 学習 28 正解 上限以内 540 4.1632
2 L1000 学習 29 正解 上限以内 492 4.2218
2 L1000 試験 30 元 0 誤答 4.244
2 L1000 試験 30 元 1 正解 4.2513
2 L1000 試験 30 元 2 正解 4.2863
2 L1000 試験 30 元 3 誤答 4.3125
2 L1000 試験 30 元 4 黙り 4.373
2 L1000 試験 30 元 5 正解 4.3905
2 L1000 学習 30 正解 上限以内 490 4.4467
2 L1000 学習 31 誤答 上限以内 504 4.5236
2 L1000 学習 32 正解 上限以内 548 4.5814
2 L1000 学習 33 黙り 上限以内 522 4.7631
2 L1000 学習 34 誤答 上限以内 513 4.8457
2 L1000 学習 35 正解 上限以内 418 4.9156
2 L1000 学習 36 正解 上限以内 428 4.9677
2 L1000 学習 37 誤答 上限以内 503 5.064
2 L1000 学習 38 誤答 上限以内 466 5.1491
2 L1000 学習 39 正解 上限以内 483 5.2241
2 L1000 試験 40 元 0 誤答 5.258
2 L1000 試験 40 元 1 正解 5.2922
2 L1000 試験 40 元 2 正解 5.3029
2 L1000 試験 40 元 3 誤答 5.3163
2 L1000 試験 40 元 4 黙り 5.3778
2 L1000 試験 40 元 5 誤答 5.3959
