2 L250 学習 0 黙り 上限以内 184 1.5018
2 L250 学習 1 誤答 上限以内 238 1.6142
2 L250 学習 2 誤答 切った 250 1.7349
2 L250 学習 3 上限で切れた 切った 250 1.911
2 L250 学習 4 誤答 切った 250 2.0441
2 L250 学習 5 誤答 切った 250 2.2059
2 L250 学習 6 誤答 切った 250 2.3143
2 L250 学習 7 誤答 上限以内 246 2.4242
2 L250 学習 8 正解 切った 250 2.5086
2 L250 学習 9 上限で切れた 上限以内 244 2.6424
2 L250 試験 10 元 0 誤答 2.6914
2 L250 試験 10 元 1 誤答 2.7346
2 L250 試験 10 元 2 誤答 2.7924
2 L250 試験 10 元 3 誤答 2.8514
2 L250 試験 10 元 4 誤答 2.9246
2 L250 試験 10 元 5 正解 2.9802
2 L250 学習 10 誤答 切った 250 3.0964
2 L250 学習 11 誤答 切った 250 3.215
2 L250 学習 12 誤答 切った 250 3.3191
2 L250 学習 13 誤答 切った 250 3.4167
2 L250 学習 14 誤答 切った 250 3.5105
2 L250 学習 15 誤答 切った 250 3.5862
2 L250 学習 16 正解 切った 250 3.7016
2 L250 学習 17 誤答 上限以内 230 3.7749
2 L250 学習 18 正解 切った 250 3.8787
2 L250 学習 19 正解 切った 250 3.967
2 L250 試験 20 元 0 正解 3.9946
2 L250 試験 20 元 1 誤答 4.0759
2 L250 試験 20 元 2 誤答 4.1081
2 L250 試験 20 元 3 正解 4.1504
2 L250 試験 20 元 4 誤答 4.1822
2 L250 試験 20 元 5 誤答 4.2403
2 L250 学習 20 誤答 上限以内 249 4.3243
2 L250 学習 21 誤答 切った 250 4.4281
2 L250 学習 22 誤答 切った 250 4.5058
2 L250 学習 23 誤答 上限以内 246 4.6075
2 L250 学習 24 誤答 切った 250 4.7008
2 L250 学習 25 正解 上限以内 248 4.7728
2 L250 学習 26 誤答 上限以内 249 4.8612
2 L250 学習 27 誤答 切った 250 4.9591
2 L250 学習 28 誤答 上限以内 245 5.0506
2 L250 学習 29 誤答 切った 250 5.1491
2 L250 試験 30 元 0 誤答 5.2165
2 L250 試験 30 元 1 誤答 5.28
2 L250 試験 30 元 2 誤答 5.3084
2 L250 試験 30 元 3 誤答 5.3532
2 L250 試験 30 元 4 誤答 5.3835
2 L250 試験 30 元 5 正解 5.4185
2 L250 学習 30 誤答 上限以内 249 5.4779
2 L250 学習 31 誤答 切った 250 5.532
2 L250 学習 32 誤答 切った 250 5.5802
2 L250 学習 33 誤答 切った 250 5.6282
2 L250 学習 34 誤答 切った 250 5.6674
2 L250 学習 35 正解 切った 250 5.726
2 L250 学習 36 誤答 切った 250 5.7651
2 L250 学習 37 正解 切った 250 5.8253
2 L250 学習 38 誤答 上限以内 241 5.8675
2 L250 学習 39 誤答 上限以内 248 5.9032
2 L250 試験 40 元 0 誤答 5.9195
2 L250 試験 40 元 1 誤答 5.956
2 L250 試験 40 元 2 誤答 5.9792
2 L250 試験 40 元 3 正解 6.0068
2 L250 試験 40 元 4 誤答 6.0312
2 L250 試験 40 元 5 正解 6.0593
