2 L150 学習 0 黙り 上限以内 125 1.4858
2 L150 学習 1 誤答 上限以内 144 1.601
2 L150 学習 2 正解 切った 150 1.7065
2 L150 学習 3 黙り 上限以内 118 1.8154
2 L150 学習 4 誤答 切った 150 1.9637
2 L150 学習 5 誤答 上限以内 144 2.0895
2 L150 学習 6 誤答 上限以内 149 2.1746
2 L150 学習 7 誤答 切った 150 2.2974
2 L150 学習 8 誤答 上限以内 143 2.41
2 L150 学習 9 黙り 上限以内 149 2.5193
2 L150 試験 10 元 0 黙り 2.5842
2 L150 試験 10 元 1 誤答 2.6705
2 L150 試験 10 元 2 誤答 2.7589
2 L150 試験 10 元 3 誤答 2.8354
2 L150 試験 10 元 4 誤答 2.9074
2 L150 試験 10 元 5 正解 2.9926
2 L150 試験 10 書き戻し 0 正解 3.0696
2 L150 試験 10 書き戻し 1 誤答 3.1141
2 L150 試験 10 書き戻し 2 誤答 3.1562
2 L150 試験 10 書き戻し 3 正解 3.2043
2 L150 試験 10 対照 0 誤答 3.2408
2 L150 試験 10 対照 1 正解 3.3085
2 L150 試験 10 対照 2 正解 3.3438
2 L150 試験 10 対照 3 誤答 3.3976
2 L150 学習 10 誤答 切った 150 3.5153
2 L150 学習 11 誤答 上限以内 141 3.6355
2 L150 学習 12 黙り 上限以内 113 3.7458
2 L150 学習 13 誤答 上限以内 106 3.8407
2 L150 学習 14 誤答 上限以内 102 3.967
2 L150 学習 15 誤答 上限以内 93 4.0586
2 L150 学習 16 誤答 上限以内 86 4.1773
2 L150 学習 17 黙り 上限以内 117 4.3182
2 L150 学習 18 誤答 上限以内 123 4.4415
2 L150 学習 19 誤答 上限以内 102 4.5501
2 L150 試験 20 元 0 誤答 4.6364
2 L150 試験 20 元 1 黙り 4.7102
2 L150 試験 20 元 2 黙り 4.7842
2 L150 試験 20 元 3 誤答 4.8869
2 L150 試験 20 元 4 黙り 4.9591
2 L150 試験 20 元 5 誤答 5.0285
2 L150 試験 20 書き戻し 0 誤答 5.1083
2 L150 試験 20 書き戻し 1 誤答 5.1753
2 L150 試験 20 書き戻し 2 正解 5.2667
2 L150 試験 20 書き戻し 3 誤答 5.3342
2 L150 試験 20 対照 0 誤答 5.3698
2 L150 試験 20 対照 1 正解 5.4114
2 L150 試験 20 対照 2 正解 5.4637
2 L150 試験 20 対照 3 誤答 5.4958
2 L150 学習 20 黙り 上限以内 125 5.5366
2 L150 学習 21 誤答 上限以内 130 5.5993
2 L150 学習 22 誤答 上限以内 129 5.6331
2 L150 学習 23 黙り 上限以内 132 5.6936
2 L150 学習 24 黙り 切った 150 5.7594
2 L150 学習 25 黙り 上限以内 147 5.8181
2 L150 学習 26 誤答 切った 150 5.8856
2 L150 学習 27 上限で切れた 切った 150 5.961
2 L150 学習 28 誤答 切った 150 6.025
2 L150 学習 29 誤答 上限以内 146 6.0831
2 L150 試験 30 元 0 誤答 6.107
2 L150 試験 30 元 1 誤答 6.1314
2 L150 試験 30 元 2 誤答 6.1498
2 L150 試験 30 元 3 誤答 6.1747
2 L150 試験 30 元 4 上限で切れた 6.2079
2 L150 試験 30 元 5 誤答 6.2384
2 L150 試験 30 書き戻し 0 誤答 6.2729
2 L150 試験 30 書き戻し 1 誤答 6.2989
2 L150 試験 30 書き戻し 2 誤答 6.3235
2 L150 試験 30 書き戻し 3 正解 6.3494
2 L150 試験 30 対照 0 誤答 6.3787
2 L150 試験 30 対照 1 正解 6.4026
2 L150 試験 30 対照 2 正解 6.4262
2 L150 試験 30 対照 3 誤答 6.4417
2 L150 学習 30 誤答 切った 150 6.4911
2 L150 学習 31 誤答 切った 150 6.5277
2 L150 学習 32 誤答 上限以内 137 6.559
2 L150 学習 33 誤答 上限以内 148 6.6045
2 L150 学習 34 誤答 上限以内 137 6.639
2 L150 学習 35 誤答 切った 150 6.6826
2 L150 学習 36 誤答 上限以内 147 6.725
2 L150 学習 37 誤答 上限以内 150 6.7739
2 L150 学習 38 誤答 切った 150 6.8195
2 L150 学習 39 正解 上限以内 119 6.8658
2 L150 試験 40 元 0 正解 6.8775
2 L150 試験 40 元 1 誤答 6.895
2 L150 試験 40 元 2 誤答 6.9033
2 L150 試験 40 元 3 正解 6.9168
2 L150 試験 40 元 4 誤答 6.9378
2 L150 試験 40 元 5 誤答 6.9511
2 L150 試験 40 書き戻し 0 正解 6.9664
2 L150 試験 40 書き戻し 1 誤答 6.9718
2 L150 試験 40 書き戻し 2 誤答 6.9858
2 L150 試験 40 書き戻し 3 誤答 7.0047
2 L150 試験 40 対照 0 正解 7.0104
2 L150 試験 40 対照 1 正解 7.0261
2 L150 試験 40 対照 2 正解 7.0404
2 L150 試験 40 対照 3 誤答 7.0444
