受け付けた：PID 48806、担当 Codex3 集団化 comm_m0_r2、見込み 4.0 GB（表の合計 19.6 / 24 GB）。スワップは直近 10 分で増えていない（348.2 MB → 今 348.2 MB）
{"name": "comm_m0_r2 実行の終了コード", "passed": true, "exitcode": 0}
{"name": "comm_m0_r2 完走", "passed": true, "trials": 1740, "errors": []}
{"name": "comm_m0_r2 受信の採点・名札費用", "passed": true}
{"name": "comm_m0_r2 辞書外カウンタと毎試行の停止検査", "passed": true, "counts": [0, 0, 0, 0, 0, 0, 0, 0], "checks": [3480, 3480, 3480, 3480, 3480, 3480, 3480, 3480]}
{"name": "comm_m0_r2 個体数", "passed": true}
{"name": "comm_m0_r2 fの毎試行値", "passed": true, "checked_rows": 13920}
{"name": "comm_m0_r2 世界課題の分母", "passed": true, "correct": 9660, "wrong": 56, "silence": 4204, "total": 13920}
{"name": "comm_m0_r2 答えの出どころの台帳照合", "passed": true, "answer_rows": 9716, "wrong_sources": {"H": 56}}
{"name": "comm_m0_r2 送信配送受信・同試行・自己配送なし", "passed": true, "sent": 1985, "recv": 1985}
{"name": "comm_m0_r2 黙りから送らない・答えは増やさない", "passed": true, "bundles": 9716}
{"name": "comm_m0_r2 束の参照本数", "passed": true}
{"name": "comm_m0_r2 m=0の組間配送", "passed": true, "cross": 0, "total": 1985}
{"name": "comm_m0_r2 問い・対の再集計", "passed": true, "split": {"within": {"双方正解": 2415, "同じ誤答": 54, "双方棄権": 1038, "その他": 573}, "cross": {"双方正解": 3206, "同じ誤答": 60, "双方棄権": 1383, "その他": 791}}}
{"name": "comm_m0_r2 報告の初期採点のsource", "passed": true, "births": 520}
{"name": "comm_m0_r2 未記載は反証・取消にしない", "passed": true}
{"name": "comm_m0_r2 世界の学習のsource", "passed": true, "counts": {"initial_unscored": 8, "scored": 13912}, "errors": []}
{"name": "comm_m0_r2 報告の採点欄とsource", "passed": true, "counts": {"scored": 1984, "m1_unscored": 1}, "errors": []}
{"name": "comm_m0_r2 開示の抽選の並び", "passed": true, "agents": 8, "trials_per_agent": 1740}
消した：PID 48806
