	Command being timed: "/srv/verb/env/bin/python /srv/verb/report-results/control/動詞_クラウドの包み_2026-10-09/instruction27/tools/production/prefix_measurement_driver.py /srv/verb/source_instruction27 100 /srv/verb/source_instruction27/config/sweep_verb_hide1_s1_2026-10-04.json /srv/verb/prefix34/prefix_gate100_birth4/output --nohash --vt 0.3842 --extend-rule none --charge1 d32 --fast --no-public-history --dump-slot-history --fix2-full --fix-order2 --proj-first --fill-norestate --no-charge2 --own-evidence --v39 --v39-budget inf --v39-decay actr --v310-be --hist-role --score-role --u-struct --relearn-init --tie-struct --amb-local --nsim 0.7 --ident-rho 0.5 --ident-argmax --ident-commons --cells f0.5000_th2.1000_first_order --dump-answers --dump-routing --answer-gap --strict-pc --e-price 0.01873710622997919 --v39-price 0.00035129738499384776 --workers 1 --seeds 1 --trial-count 5000 --no-compare --horizon 5000 --score-arg-order --sme2017 --sme-call-seed --sme-tie-uniform --sme-intern-cache --sme-evict-trial-cache --verb-world --probe-world --verb-timing --v39-u global --match-cstar --match-cstar-e --h-dirichlet 1 --match-eps 0 --logp-eps 0.01 --birth-score seq --score-logp --attn-sme global --attn-position k2 --attn-eta 0.1 --attn-allin --stage2 on --stage2-loss top1 --stage2-init virtual --stage2-scope all --stage2-birth-hu on --stage2-reuse off --verb-snap-append-only on --stage2-birth-workers 4"
	User time (seconds): 3712.40
	System time (seconds): 5.99
	Percent of CPU this job got: 263%
	Elapsed (wall clock) time (h:mm:ss or m:ss): 23:30.57
	Average shared text size (kbytes): 0
	Average unshared data size (kbytes): 0
	Average stack size (kbytes): 0
	Average total size (kbytes): 0
	Maximum resident set size (kbytes): 351896
	Average resident set size (kbytes): 0
	Major (requiring I/O) page faults: 0
	Minor (reclaiming a frame) page faults: 1915288
	Voluntary context switches: 2286
	Involuntary context switches: 7941
	Swaps: 0
	File system inputs: 8
	File system outputs: 82056
	Socket messages sent: 0
	Socket messages received: 0
	Signals delivered: 0
	Page size (bytes): 4096
	Exit status: 0
