2026-10-09 17:09:45 開始 verb_hide1_s1 nohash=True nsim=0.7 vt=0.3842 greedy=False extgreedy=False lowmem=True extend=none charge1=d32 ρ=0.5 argmax=True commons=True shadow=False fix2=False fix2_full=True fix_order=False fix_order2=True proj_first=True fill_unseen=False fill_norestate=True no_charge2=True own_evidence=True v39=True/inf/two/0.5/global death_terms=False checks=False rename_check=False fast=True nohist=True 走行 1 並列 1 比べる=False
2026-10-09 19:23:13 f0.5000_th2.1000_vt0.3842_first_order seed001 秒=8006.88 最大メモリMB=339.6 定義末=1 一致=None err=None
2026-10-09 19:23:14 ALLDONE verb_hide1_s1
     8008.62 real      7976.43 user        15.16 sys
           340606976  maximum resident set size
                   0  average shared memory size
                   0  average unshared data size
                   0  average unshared stack size
               56826  page reclaims
                 398  page faults
                   0  swaps
                   0  block input operations
                   0  block output operations
                   0  messages sent
                   0  messages received
                   0  signals received
                 228  voluntary context switches
             2421933  involuntary context switches
          1154724939  instructions retired
           382002437  cycles elapsed
            25494008  peak memory footprint
