受け付けた：PID 55399、担当 Codex3 集団化 comm_m0.3_r2、見込み 4.0 GB（表の合計 19.6 / 24 GB）。スワップは直近 10 分で増えていない（348.2 MB → 今 348.2 MB）
{"name": "comm_m0.3_r2 実行の終了コード", "passed": true, "exitcode": 0}
{"name": "comm_m0.3_r2 完走", "passed": true, "trials": 1740, "errors": []}
{"name": "comm_m0.3_r2 受信の採点・名札費用", "passed": true}
{"name": "comm_m0.3_r2 辞書外カウンタと毎試行の停止検査", "passed": true, "counts": [0, 0, 0, 0, 0, 0, 0, 0], "checks": [3480, 3480, 3480, 3480, 3480, 3480, 3480, 3480]}
{"name": "comm_m0.3_r2 個体数", "passed": true}
{"name": "comm_m0.3_r2 fの毎試行値", "passed": true, "checked_rows": 13920}
{"name": "comm_m0.3_r2 世界課題の分母", "passed": true, "correct": 9664, "wrong": 61, "silence": 4195, "total": 13920}
{"name": "comm_m0.3_r2 答えの出どころの台帳照合", "passed": true, "answer_rows": 9725, "wrong_sources": {"H": 60, "F": 1}}
{"name": "comm_m0.3_r2 送信配送受信・同試行・自己配送なし", "passed": true, "sent": 1988, "recv": 1988}
{"name": "comm_m0.3_r2 黙りから送らない・答えは増やさない", "passed": true, "bundles": 9725}
{"name": "comm_m0.3_r2 束の参照本数", "passed": true}
{"name": "comm_m0.3_r2 mの二項範囲", "passed": true, "cross": 595, "total": 1988, "ratio": 0.2992957746478873, "expected": 0.3, "central_999_range": [530, 664]}
{"name": "comm_m0.3_r2 問い・対の再集計", "passed": true, "split": {"within": {"双方正解": 2371, "同じ誤答": 45, "双方棄権": 1033, "その他": 631}, "cross": {"双方正解": 3178, "同じ誤答": 57, "双方棄権": 1379, "その他": 826}}}
{"name": "comm_m0.3_r2 報告の初期採点のsource", "passed": true, "births": 556}
{"name": "comm_m0.3_r2 未記載は反証・取消にしない", "passed": true}
{"name": "comm_m0.3_r2 世界の学習のsource", "passed": true, "counts": {"initial_unscored": 8, "scored": 13912}, "errors": []}
{"name": "comm_m0.3_r2 報告の採点欄とsource", "passed": true, "counts": {"scored": 1987, "m1_unscored": 1}, "errors": []}
{"name": "comm_m0.3_r2 開示の抽選の並び", "passed": true, "agents": 8, "trials_per_agent": 1740}
消した：PID 55399
