段階2_w2 学習 0 黙り 8.4565
段階2_w2 学習 1 正解 8.4594
段階2_w2 学習 2 正解 8.4631
段階2_w2 学習 3 誤答 8.4672
段階2_w2 学習 4 誤答 8.4726
段階2_w2 学習 5 正解 8.4807
段階2_w2 学習 6 誤答 8.4887
段階2_w2 学習 7 正解 8.4954
段階2_w2 学習 8 正解 8.5032
段階2_w2 学習 9 正解 8.5105
段階2_w2 学習 10 正解 8.5189
段階2_w2 学習 11 正解 8.5316
段階2_w2 学習 12 正解 8.5397
段階2_w2 学習 13 正解 8.5506
段階2_w2 学習 14 正解 8.5619
段階2_w2 学習 15 正解 8.5713
段階2_w2 学習 16 正解 8.5816
段階2_w2 学習 17 正解 8.5916
段階2_w2 学習 18 正解 8.6024
段階2_w2 学習 19 正解 8.6147
段階2_w2 学習 20 正解 8.6257
段階2_w2 学習 21 正解 8.6385
段階2_w2 学習 22 正解 8.6509
段階2_w2 学習 23 正解 8.6611
段階2_w2 学習 24 誤答 8.6723
段階2_w2 学習 25 正解 8.6838
段階2_w2 学習 26 正解 8.6977
段階2_w2 学習 27 正解 8.7098
段階2_w2 学習 28 正解 8.7231
段階2_w2 学習 29 誤答 8.7351
段階2_w2 学習 30 正解 8.7486
段階2_w2 学習 31 正解 8.7604
段階2_w2 学習 32 誤答 8.774
段階2_w2 学習 33 正解 8.7863
段階2_w2 学習 34 正解 8.8025
段階2_w2 学習 35 正解 8.8176
段階2_w2 学習 36 正解 8.831
段階2_w2 学習 37 正解 8.8471
段階2_w2 学習 38 誤答 8.8756
段階2_w2 学習 39 正解 8.8993
段階2_w2 試験 0 甲・n 正解 puga 8.9219
段階2_w2 試験 1 甲・n 正解 puga 8.9502
段階2_w2 試験 2 甲・n 正解 puga 8.9738
段階2_w2 試験 3 甲・n 正解 puga 8.9869
段階2_w2 試験 4 甲・e 正解 repi 9.0135
段階2_w2 試験 5 甲・e 正解 repi 9.0359
段階2_w2 試験 6 甲・e 誤答 puga 9.059
段階2_w2 試験 7 甲・e 誤答 puga 9.0882
段階2_w2 試験 8 乙・n 正解 repi 9.1127
段階2_w2 試験 9 乙・n 正解 repi 9.1361
段階2_w2 試験 10 乙・n 正解 repi 9.1632
段階2_w2 試験 11 乙・n 正解 repi 9.1948
段階2_w2 試験 12 乙・e 誤答 repi 9.2184
段階2_w2 試験 13 乙・e 誤答 repi 9.2435
段階2_w2 試験 14 乙・e 誤答 repi 9.2709
段階2_w2 試験 15 乙・e 誤答 repi 9.2853
FAIL
{"段階": 2, "世界": 2, "mult": 1, "door_all": true, "think": 2048, "学習の場面の数": 40, "最もありそうな答えが正しい（16 問）": 10, "場合ごと": {"甲・n": 4, "甲・e": 2, "乙・n": 4, "乙・e": 0}, "通過": false, "判定": {"正解": 10, "誤答": 6, "黙り": 0, "形の崩れ": 0, "上限で切れた": 0}}
