段階新4_w2 学習 0 黙り 9.8875
段階新4_w2 学習 1 正解 9.8946
段階新4_w2 学習 2 正解 9.8989
段階新4_w2 学習 3 誤答 9.9112
段階新4_w2 学習 4 正解 9.9186
段階新4_w2 学習 5 上限で切れた 9.9314
段階新4_w2 学習 6 正解 9.9366
段階新4_w2 学習 7 正解 9.9417
段階新4_w2 学習 8 誤答 9.9477
段階新4_w2 学習 9 正解 9.9564
段階新4_w2 学習 10 誤答 9.9647
段階新4_w2 学習 11 正解 9.9718
段階新4_w2 学習 12 正解 9.9808
段階新4_w2 学習 13 正解 9.9903
段階新4_w2 学習 14 誤答 10.0007
段階新4_w2 学習 15 正解 10.0106
段階新4_w2 学習 16 正解 10.0218
段階新4_w2 学習 17 誤答 10.0322
段階新4_w2 学習 18 正解 10.0429
段階新4_w2 学習 19 正解 10.0556
段階新4_w2 学習 20 正解 10.0663
段階新4_w2 学習 21 正解 10.0788
段階新4_w2 学習 22 誤答 10.0926
段階新4_w2 学習 23 正解 10.1048
段階新4_w2 学習 24 正解 10.1159
段階新4_w2 学習 25 正解 10.1297
段階新4_w2 学習 26 誤答 10.1421
段階新4_w2 学習 27 正解 10.1559
段階新4_w2 学習 28 正解 10.1716
段階新4_w2 学習 29 正解 10.1838
段階新4_w2 学習 30 正解 10.1959
段階新4_w2 学習 31 正解 10.209
段階新4_w2 学習 32 誤答 10.2232
段階新4_w2 学習 33 正解 10.24
段階新4_w2 学習 34 正解 10.2529
段階新4_w2 学習 35 正解 10.2694
段階新4_w2 学習 36 正解 10.286
段階新4_w2 学習 37 正解 10.3002
段階新4_w2 学習 38 誤答 10.3162
段階新4_w2 学習 39 正解 10.3341
段階新4_w2 学習 40 正解 10.3492
段階新4_w2 学習 41 正解 10.3634
段階新4_w2 学習 42 正解 10.3801
段階新4_w2 学習 43 正解 10.3971
段階新4_w2 学習 44 正解 10.4164
段階新4_w2 学習 45 正解 10.4325
段階新4_w2 学習 46 正解 10.4518
段階新4_w2 学習 47 正解 10.4687
段階新4_w2 学習 48 正解 10.4898
段階新4_w2 学習 49 正解 10.5067
段階新4_w2 学習 50 正解 10.5257
段階新4_w2 学習 51 正解 10.5466
段階新4_w2 学習 52 正解 10.5697
段階新4_w2 学習 53 正解 10.5877
段階新4_w2 学習 54 正解 10.605
段階新4_w2 学習 55 正解 10.6296
段階新4_w2 学習 56 正解 10.6506
段階新4_w2 学習 57 正解 10.6695
段階新4_w2 学習 58 正解 10.6928
段階新4_w2 学習 59 正解 10.7131
段階新4_w2 学習 60 正解 10.7347
段階新4_w2 学習 61 誤答 10.7551
段階新4_w2 学習 62 誤答 10.7772
段階新4_w2 学習 63 正解 10.7964
段階新4_w2 学習 64 正解 10.8196
段階新4_w2 学習 65 正解 10.8399
段階新4_w2 学習 66 正解 10.8631
段階新4_w2 学習 67 正解 10.8839
段階新4_w2 学習 68 正解 10.9073
段階新4_w2 学習 69 正解 10.929
段階新4_w2 学習 70 誤答 10.9543
段階新4_w2 学習 71 正解 10.9758
段階新4_w2 学習 72 誤答 10.999
段階新4_w2 学習 73 正解 11.0217
段階新4_w2 学習 74 正解 11.0469
段階新4_w2 学習 75 誤答 11.0718
段階新4_w2 学習 76 正解 11.0973
段階新4_w2 学習 77 正解 11.1209
段階新4_w2 学習 78 正解 11.1465
段階新4_w2 学習 79 正解 11.1731
段階新4_w2 試験 0 甲・n 正解 puga 11.1989
段階新4_w2 試験 1 甲・n 正解 puga 11.2246
段階新4_w2 試験 2 甲・n 正解 puga 11.2508
段階新4_w2 試験 3 甲・n 正解 puga 11.2749
段階新4_w2 試験 4 甲・e 誤答 puga 11.2998
段階新4_w2 試験 5 甲・e 正解 repi 11.3251
段階新4_w2 試験 6 甲・e 誤答 puga 11.35
段階新4_w2 試験 7 甲・e 正解 repi 11.3758
段階新4_w2 試験 8 乙・n 正解 repi 11.4031
段階新4_w2 試験 9 乙・n 誤答 puga 11.4292
段階新4_w2 試験 10 乙・n 誤答 puga 11.4559
段階新4_w2 試験 11 乙・n 上限で切れた None 11.4865
段階新4_w2 試験 12 乙・e 誤答 repi 11.5128
段階新4_w2 試験 13 乙・e 正解 puga 11.5418
段階新4_w2 試験 14 乙・e 正解 puga 11.5707
段階新4_w2 試験 15 乙・e 正解 puga 11.595
FAIL
{"段階": "新4", "世界": 2, "組": 1, "mult": 2, "door_all": false, "think": 2048, "学習の場面の数": 80, "最もありそうな答えが正しい（16 問）": 10, "場合ごと": {"甲・n": 4, "甲・e": 2, "乙・n": 1, "乙・e": 3}, "通過": false, "判定": {"正解": 10, "誤答": 5, "黙り": 0, "形の崩れ": 0, "上限で切れた": 1}}
