段階新5_w2 学習 0 黙り 11.6116
段階新5_w2 学習 1 正解 11.6266
段階新5_w2 学習 2 正解 11.6363
段階新5_w2 学習 3 誤答 11.6482
段階新5_w2 学習 4 正解 11.6767
段階新5_w2 学習 5 正解 11.6875
段階新5_w2 学習 6 誤答 11.7001
段階新5_w2 学習 7 正解 11.7162
段階新5_w2 学習 8 正解 11.7369
段階新5_w2 学習 9 正解 11.7538
段階新5_w2 学習 10 正解 11.7763
段階新5_w2 学習 11 正解 11.8004
段階新5_w2 学習 12 正解 11.8212
段階新5_w2 学習 13 正解 11.8331
段階新5_w2 学習 14 誤答 11.8559
段階新5_w2 学習 15 正解 11.8836
段階新5_w2 学習 16 正解 11.9127
段階新5_w2 学習 17 誤答 11.9408
段階新5_w2 学習 18 正解 11.9614
段階新5_w2 学習 19 正解 11.9852
段階新5_w2 学習 20 正解 12.0138
段階新5_w2 学習 21 正解 12.0377
段階新5_w2 学習 22 正解 12.0639
段階新5_w2 学習 23 正解 12.0922
段階新5_w2 学習 24 正解 12.1222
段階新5_w2 学習 25 正解 12.1452
段階新5_w2 学習 26 正解 12.1792
段階新5_w2 学習 27 正解 12.1997
段階新5_w2 学習 28 正解 12.2238
段階新5_w2 学習 29 誤答 12.2446
段階新5_w2 学習 30 正解 12.2623
段階新5_w2 学習 31 誤答 12.3059
段階新5_w2 学習 32 正解 12.3271
段階新5_w2 学習 33 正解 12.3536
段階新5_w2 学習 34 正解 12.3795
段階新5_w2 学習 35 正解 12.4157
段階新5_w2 学習 36 誤答 12.4398
段階新5_w2 学習 37 正解 12.4635
段階新5_w2 学習 38 誤答 12.4929
段階新5_w2 学習 39 正解 12.5221
段階新5_w2 学習 40 正解 12.5601
段階新5_w2 学習 41 正解 12.5946
段階新5_w2 学習 42 誤答 12.6199
段階新5_w2 学習 43 正解 12.647
段階新5_w2 学習 44 正解 12.6789
段階新5_w2 学習 45 正解 12.7098
段階新5_w2 学習 46 誤答 12.7381
段階新5_w2 学習 47 正解 12.765
段階新5_w2 学習 48 正解 12.7958
段階新5_w2 学習 49 正解 12.8246
段階新5_w2 学習 50 誤答 12.8577
段階新5_w2 学習 51 誤答 12.8977
段階新5_w2 学習 52 正解 12.9347
段階新5_w2 学習 53 誤答 12.9713
段階新5_w2 学習 54 正解 13.0231
段階新5_w2 学習 55 正解 13.0537
段階新5_w2 学習 56 正解 13.0813
段階新5_w2 学習 57 正解 13.1078
段階新5_w2 学習 58 誤答 13.1424
段階新5_w2 学習 59 正解 13.1709
段階新5_w2 学習 60 誤答 13.201
段階新5_w2 学習 61 正解 13.2324
段階新5_w2 学習 62 正解 13.2609
段階新5_w2 学習 63 誤答 13.2983
段階新5_w2 学習 64 正解 13.3286
段階新5_w2 学習 65 正解 13.3651
段階新5_w2 学習 66 正解 13.4035
段階新5_w2 学習 67 正解 13.4408
段階新5_w2 学習 68 正解 13.4986
段階新5_w2 学習 69 正解 13.5254
段階新5_w2 学習 70 正解 13.5654
段階新5_w2 学習 71 正解 13.5977
段階新5_w2 学習 72 誤答 13.6306
段階新5_w2 学習 73 正解 13.6671
段階新5_w2 学習 74 正解 13.7067
段階新5_w2 学習 75 誤答 13.7366
段階新5_w2 学習 76 正解 13.7727
段階新5_w2 学習 77 正解 13.8015
段階新5_w2 学習 78 正解 13.8369
段階新5_w2 学習 79 正解 13.8736
段階新5_w2 試験 0 甲・n 正解 puga 13.9096
段階新5_w2 試験 1 甲・n 正解 puga 13.947
段階新5_w2 試験 2 甲・n 正解 puga 13.9818
段階新5_w2 試験 3 甲・n 正解 puga 14.0141
段階新5_w2 試験 4 甲・e 誤答 puga 14.0582
段階新5_w2 試験 5 甲・e 正解 repi 14.0925
段階新5_w2 試験 6 甲・e 正解 repi 14.1389
段階新5_w2 試験 7 甲・e 正解 repi 14.1799
段階新5_w2 試験 8 乙・n 正解 repi 14.2108
段階新5_w2 試験 9 乙・n 正解 repi 14.2513
段階新5_w2 試験 10 乙・n 正解 repi 14.2871
段階新5_w2 試験 11 乙・n 正解 repi 14.3216
段階新5_w2 試験 12 乙・e 正解 puga 14.3552
段階新5_w2 試験 13 乙・e 誤答 repi 14.3912
段階新5_w2 試験 14 乙・e 正解 puga 14.428
段階新5_w2 試験 15 乙・e 誤答 repi 14.4621
FAIL
{"段階": "新5", "世界": 2, "組": 1, "mult": 2, "door_all": true, "think": 8000, "observed": true, "学習の場面の数": 80, "最もありそうな答えが正しい（16 問）": 13, "場合ごと": {"甲・n": 4, "甲・e": 3, "乙・n": 4, "乙・e": 2}, "通過": false, "判定": {"正解": 13, "誤答": 3, "黙り": 0, "形の崩れ": 0, "上限で切れた": 0}}
