段階新2_w2 学習 0 黙り 8.8533
段階新2_w2 学習 1 正解 8.8588
段階新2_w2 学習 2 正解 8.8831
段階新2_w2 学習 3 誤答 8.9049
段階新2_w2 学習 4 誤答 8.9279
段階新2_w2 学習 5 正解 8.9342
段階新2_w2 学習 6 誤答 8.9738
段階新2_w2 学習 7 誤答 8.9965
段階新2_w2 学習 8 正解 9.0196
段階新2_w2 学習 9 正解 9.0425
段階新2_w2 学習 10 誤答 9.0718
段階新2_w2 学習 11 正解 9.0974
段階新2_w2 学習 12 正解 9.121
段階新2_w2 学習 13 正解 9.1464
段階新2_w2 学習 14 正解 9.1718
段階新2_w2 学習 15 正解 9.1948
段階新2_w2 学習 16 正解 9.2035
段階新2_w2 学習 17 正解 9.2275
段階新2_w2 学習 18 正解 9.2565
段階新2_w2 学習 19 正解 9.298
段階新2_w2 学習 20 正解 9.3101
段階新2_w2 学習 21 正解 9.3211
段階新2_w2 学習 22 上限で切れた 9.3382
段階新2_w2 学習 23 正解 9.3543
段階新2_w2 学習 24 正解 9.3676
段階新2_w2 学習 25 正解 9.3825
段階新2_w2 学習 26 正解 9.3949
段階新2_w2 学習 27 正解 9.4104
段階新2_w2 学習 28 正解 9.4231
段階新2_w2 学習 29 正解 9.4348
段階新2_w2 学習 30 正解 9.4485
段階新2_w2 学習 31 上限で切れた 9.4678
段階新2_w2 学習 32 正解 9.4836
段階新2_w2 学習 33 正解 9.4971
段階新2_w2 学習 34 誤答 9.5171
段階新2_w2 学習 35 正解 9.5323
段階新2_w2 学習 36 正解 9.5469
段階新2_w2 学習 37 誤答 9.5631
段階新2_w2 学習 38 正解 9.5805
段階新2_w2 学習 39 正解 9.5959
段階新2_w2 試験 0 甲・n 誤答 repi 9.6128
段階新2_w2 試験 1 甲・n 誤答 repi 9.6339
段階新2_w2 試験 2 甲・n 正解 puga 9.6534
段階新2_w2 試験 3 甲・n 誤答 repi 9.6691
段階新2_w2 試験 4 甲・e 誤答 puga 9.688
段階新2_w2 試験 5 甲・e 正解 repi 9.7066
段階新2_w2 試験 6 甲・e 正解 repi 9.7231
段階新2_w2 試験 7 甲・e 正解 repi 9.739
段階新2_w2 試験 8 乙・n 正解 repi 9.7587
段階新2_w2 試験 9 乙・n 正解 repi 9.7739
段階新2_w2 試験 10 乙・n 正解 repi 9.7912
段階新2_w2 試験 11 乙・n 正解 repi 9.8083
段階新2_w2 試験 12 乙・e 正解 puga 9.8287
段階新2_w2 試験 13 乙・e 誤答 repi 9.8483
段階新2_w2 試験 14 乙・e 正解 puga 9.8624
段階新2_w2 試験 15 乙・e 正解 puga 9.8803
FAIL
{"段階": "新2", "世界": 2, "組": 1, "mult": 1, "door_all": false, "think": 2048, "observed": true, "学習の場面の数": 40, "最もありそうな答えが正しい（16 問）": 11, "場合ごと": {"甲・n": 1, "甲・e": 3, "乙・n": 4, "乙・e": 3}, "通過": false, "判定": {"正解": 11, "誤答": 5, "黙り": 0, "形の崩れ": 0, "上限で切れた": 0}}
