段階1_w2 学習 0 黙り 7.0985
段階1_w2 学習 1 正解 7.1101
段階1_w2 学習 2 正解 7.121
段階1_w2 学習 3 誤答 7.1559
段階1_w2 学習 4 正解 7.1671
段階1_w2 学習 5 正解 7.2021
段階1_w2 学習 6 誤答 7.2163
段階1_w2 学習 7 正解 7.2468
段階1_w2 学習 8 正解 7.2564
段階1_w2 学習 9 正解 7.2873
段階1_w2 学習 10 正解 7.3187
段階1_w2 学習 11 誤答 7.3493
段階1_w2 学習 12 正解 7.3641
段階1_w2 学習 13 正解 7.3833
段階1_w2 学習 14 正解 7.404
段階1_w2 学習 15 正解 7.4183
段階1_w2 学習 16 正解 7.4345
段階1_w2 学習 17 正解 7.452
段階1_w2 学習 18 正解 7.4829
段階1_w2 学習 19 正解 7.5013
段階1_w2 学習 20 正解 7.5174
段階1_w2 学習 21 正解 7.5352
段階1_w2 学習 22 誤答 7.5617
段階1_w2 学習 23 正解 7.5875
段階1_w2 学習 24 誤答 7.6235
段階1_w2 学習 25 正解 7.6516
段階1_w2 学習 26 正解 7.673
段階1_w2 学習 27 正解 7.6914
段階1_w2 学習 28 正解 7.7106
段階1_w2 学習 29 正解 7.7313
段階1_w2 学習 30 正解 7.7488
段階1_w2 学習 31 正解 7.7858
段階1_w2 学習 32 正解 7.8098
段階1_w2 学習 33 正解 7.8374
段階1_w2 学習 34 正解 7.8581
段階1_w2 学習 35 正解 7.8808
段階1_w2 学習 36 正解 7.9034
段階1_w2 学習 37 正解 7.927
段階1_w2 学習 38 誤答 7.9534
段階1_w2 学習 39 正解 7.975
段階1_w2 試験 0 甲・n 正解 puga 7.9953
段階1_w2 試験 1 甲・n 正解 puga 8.0336
段階1_w2 試験 2 甲・n 正解 puga 8.0618
段階1_w2 試験 3 甲・n 誤答 repi 8.0988
段階1_w2 試験 4 甲・e 誤答 puga 8.1257
段階1_w2 試験 5 甲・e 正解 repi 8.1538
段階1_w2 試験 6 甲・e 正解 repi 8.183
段階1_w2 試験 7 甲・e 誤答 puga 8.2185
段階1_w2 試験 8 乙・n 正解 repi 8.2441
段階1_w2 試験 9 乙・n 正解 repi 8.2751
段階1_w2 試験 10 乙・n 正解 repi 8.3205
段階1_w2 試験 11 乙・n 正解 repi 8.3444
段階1_w2 試験 12 乙・e 正解 puga 8.3836
段階1_w2 試験 13 乙・e 正解 puga 8.4043
段階1_w2 試験 14 乙・e 誤答 repi 8.4223
段階1_w2 試験 15 乙・e 誤答 repi 8.4504
FAIL
{"段階": 1, "世界": 2, "mult": 1, "door_all": false, "think": 8000, "学習の場面の数": 40, "最もありそうな答えが正しい（16 問）": 11, "場合ごと": {"甲・n": 3, "甲・e": 2, "乙・n": 4, "乙・e": 2}, "通過": false, "判定": {"正解": 11, "誤答": 5, "黙り": 0, "形の崩れ": 0, "上限で切れた": 0}}
