	Command being timed: "python3.12 /home/ubuntu/gate36/observe_ordered_cloud.py /home/ubuntu/gate36/candidate/native_command.json"
	User time (seconds): 10281.47
	System time (seconds): 10.95
	Percent of CPU this job got: 99%
	Elapsed (wall clock) time (h:mm:ss or m:ss): 2:51:32
	Average shared text size (kbytes): 0
	Average unshared data size (kbytes): 0
	Average stack size (kbytes): 0
	Average total size (kbytes): 0
	Maximum resident set size (kbytes): 2988552
	Average resident set size (kbytes): 0
	Major (requiring I/O) page faults: 1
	Minor (reclaiming a frame) page faults: 2609531
	Voluntary context switches: 46
	Involuntary context switches: 14147
	Swaps: 0
	File system inputs: 0
	File system outputs: 2165424
	Socket messages sent: 0
	Socket messages received: 0
	Signals delivered: 0
	Page size (bytes): 4096
	Exit status: 0
